Component: ARM Compiler 5.06 update 6 (build 750) Tool: armlink [4d35ed]

==============================================================================

Section Cross References

    startup_stm32f407xx.o(RESET) refers to startup_stm32f407xx.o(STACK) for __initial_sp
    startup_stm32f407xx.o(RESET) refers to startup_stm32f407xx.o(.text) for Reset_Handler
    startup_stm32f407xx.o(RESET) refers to stm32f4xx_it.o(i.NMI_Handler) for NMI_Handler
    startup_stm32f407xx.o(RESET) refers to stm32f4xx_it.o(i.HardFault_Handler) for HardFault_Handler
    startup_stm32f407xx.o(RESET) refers to stm32f4xx_it.o(i.MemManage_Handler) for MemManage_Handler
    startup_stm32f407xx.o(RESET) refers to stm32f4xx_it.o(i.BusFault_Handler) for BusFault_Handler
    startup_stm32f407xx.o(RESET) refers to stm32f4xx_it.o(i.UsageFault_Handler) for UsageFault_Handler
    startup_stm32f407xx.o(RESET) refers to port.o(.emb_text) for SVC_Handler
    startup_stm32f407xx.o(RESET) refers to stm32f4xx_it.o(i.DebugMon_Handler) for DebugMon_Handler
    startup_stm32f407xx.o(RESET) refers to port.o(i.SysTick_Handler) for SysTick_Handler
    startup_stm32f407xx.o(RESET) refers to stm32f4xx_it.o(i.ADC_IRQHandler) for ADC_IRQHandler
    startup_stm32f407xx.o(RESET) refers to stm32f4xx_it.o(i.CAN1_RX0_IRQHandler) for CAN1_RX0_IRQHandler
    startup_stm32f407xx.o(RESET) refers to stm32f4xx_it.o(i.TIM3_IRQHandler) for TIM3_IRQHandler
    startup_stm32f407xx.o(RESET) refers to stm32f4xx_it.o(i.USART3_IRQHandler) for USART3_IRQHandler
    startup_stm32f407xx.o(RESET) refers to stm32f4xx_it.o(i.UART4_IRQHandler) for UART4_IRQHandler
    startup_stm32f407xx.o(RESET) refers to stm32f4xx_it.o(i.TIM6_DAC_IRQHandler) for TIM6_DAC_IRQHandler
    startup_stm32f407xx.o(RESET) refers to stm32f4xx_it.o(i.TIM7_IRQHandler) for TIM7_IRQHandler
    startup_stm32f407xx.o(.text) refers to system_stm32f4xx.o(i.SystemInit) for SystemInit
    startup_stm32f407xx.o(.text) refers to entry.o(.ARM.Collect$$$$00000000) for __main
    user.o(i.CanRxErrorCheck) refers to user.o(.bss) for .bss
    user.o(i.CheckStatus) refers to user.o(i.SoftwareLimit) for SoftwareLimit
    user.o(i.CheckStatus) refers to user.o(i.CanRxErrorCheck) for CanRxErrorCheck
    user.o(i.CheckStatus) refers to printfa.o(i.__0printf) for __2printf
    user.o(i.CheckStatus) refers to user.o(.bss) for .bss
    user.o(i.CheckStatus) refers to user.o(.data) for .data
    user.o(i.CtrlMotor) refers to memseta.o(.text) for __aeabi_memclr4
    user.o(i.CtrlMotor) refers to user.o(i.PackMotorCtrlMsg) for PackMotorCtrlMsg
    user.o(i.CtrlMotor) refers to can.o(i.CAN1_SendMsg) for CAN1_SendMsg
    user.o(i.CtrlMotor) refers to printfa.o(i.__0printf) for __2printf
    user.o(i.CtrlMotor) refers to math_user.o(i.PrintBuff) for PrintBuff
    user.o(i.CtrlMotor) refers to user.o(.bss) for .bss
    user.o(i.CtrlMotor) refers to user.o(.constdata) for .constdata
    user.o(i.CtrlMotor) refers to user.o(.data) for .data
    user.o(i.CtrlMotor) refers to user.o(.conststring) for .conststring
    user.o(i.GetAllMotorState) refers to math_user.o(i.LittleEndingShortToFloat) for LittleEndingShortToFloat
    user.o(i.GetAllMotorState) refers to user.o(.bss) for .bss
    user.o(i.GetAllMotorState) refers to user.o(.data) for .data
    user.o(i.GetAllMotorState) refers to user.o(.constdata) for .constdata
    user.o(i.GetBatteryVoltage) refers to dfltui.o(.text) for __aeabi_ui2d
    user.o(i.GetBatteryVoltage) refers to dmul.o(.text) for __aeabi_dmul
    user.o(i.GetBatteryVoltage) refers to d2f.o(.text) for __aeabi_d2f
    user.o(i.GetBatteryVoltage) refers to math_user.o(i.IsEqual) for IsEqual
    user.o(i.GetBatteryVoltage) refers to printfa.o(i.__0printf) for __2printf
    user.o(i.GetBatteryVoltage) refers to f2d.o(.text) for __aeabi_f2d
    user.o(i.GetBatteryVoltage) refers to user.o(.data) for .data
    user.o(i.GetMotorObjectAngleAndSpeed) refers to user.o(i.IsAllMotorStop) for IsAllMotorStop
    user.o(i.GetMotorObjectAngleAndSpeed) refers to f2d.o(.text) for __aeabi_f2d
    user.o(i.GetMotorObjectAngleAndSpeed) refers to printfa.o(i.__0printf) for __2printf
    user.o(i.GetMotorObjectAngleAndSpeed) refers to user.o(.data) for .data
    user.o(i.GetMotorObjectAngleAndSpeed) refers to user.o(.bss) for .bss
    user.o(i.GetMotorObjectAngleAndSpeed) refers to user.o(.conststring) for .conststring
    user.o(i.GetWalkPhase) refers to user.o(i.IsAllMotorStop) for IsAllMotorStop
    user.o(i.GetWalkPhase) refers to math_user.o(i.IsEqual) for IsEqual
    user.o(i.GetWalkPhase) refers to user.o(.data) for .data
    user.o(i.GetWalkPhase) refers to user.o(.bss) for .bss
    user.o(i.IsAllMotorStop) refers to math_user.o(i.IsEqual) for IsEqual
    user.o(i.IsAllMotorStop) refers to user.o(.bss) for .bss
    user.o(i.PackMotorCtrlMsg) refers to math_user.o(i.FloatToLittleEndingShort) for FloatToLittleEndingShort
    user.o(i.PackMotorCtrlMsg) refers to user.o(.bss) for .bss
[...]
    i.osDelay                                0x08004d08   Section        0  cmsis_os.o(i.osDelay)
    i.osKernelStart                          0x08004d16   Section        0  cmsis_os.o(i.osKernelStart)
    i.osThreadCreate                         0x08004d20   Section        0  cmsis_os.o(i.osThreadCreate)
    i.prvAddCurrentTaskToDelayedList         0x08004d74   Section        0  tasks.o(i.prvAddCurrentTaskToDelayedList)
    prvAddCurrentTaskToDelayedList           0x08004d75   Thumb Code   102  tasks.o(i.prvAddCurrentTaskToDelayedList)
    i.prvAddNewTaskToReadyList               0x08004de4   Section        0  tasks.o(i.prvAddNewTaskToReadyList)
    prvAddNewTaskToReadyList                 0x08004de5   Thumb Code   194  tasks.o(i.prvAddNewTaskToReadyList)
    i.prvCopyDataFromQueue                   0x08004eb4   Section        0  queue.o(i.prvCopyDataFromQueue)
    prvCopyDataFromQueue                     0x08004eb5   Thumb Code    38  queue.o(i.prvCopyDataFromQueue)
    i.prvDeleteTCB                           0x08004eda   Section        0  tasks.o(i.prvDeleteTCB)
    prvDeleteTCB                             0x08004edb   Thumb Code    52  tasks.o(i.prvDeleteTCB)
    i.prvHeapInit                            0x08004f10   Section        0  heap_4.o(i.prvHeapInit)
    prvHeapInit                              0x08004f11   Thumb Code    66  heap_4.o(i.prvHeapInit)
    i.prvIdleTask                            0x08004f5c   Section        0  tasks.o(i.prvIdleTask)
    prvIdleTask                              0x08004f5d   Thumb Code    82  tasks.o(i.prvIdleTask)
    i.prvInitialiseNewQueue                  0x08004fbc   Section        0  queue.o(i.prvInitialiseNewQueue)
    prvInitialiseNewQueue                    0x08004fbd   Thumb Code    22  queue.o(i.prvInitialiseNewQueue)
    i.prvInitialiseNewTask                   0x08004fd2   Section        0  tasks.o(i.prvInitialiseNewTask)
    prvInitialiseNewTask                     0x08004fd3   Thumb Code   152  tasks.o(i.prvInitialiseNewTask)
    i.prvInsertBlockIntoFreeList             0x0800506c   Section        0  heap_4.o(i.prvInsertBlockIntoFreeList)
    prvInsertBlockIntoFreeList               0x0800506d   Thumb Code    72  heap_4.o(i.prvInsertBlockIntoFreeList)
    i.prvIsQueueEmpty                        0x080050b8   Section        0  queue.o(i.prvIsQueueEmpty)
    prvIsQueueEmpty                          0x080050b9   Thumb Code    28  queue.o(i.prvIsQueueEmpty)
    i.prvResetNextTaskUnblockTime            0x080050d4   Section        0  tasks.o(i.prvResetNextTaskUnblockTime)
    prvResetNextTaskUnblockTime              0x080050d5   Thumb Code    26  tasks.o(i.prvResetNextTaskUnblockTime)
    i.prvTaskExitError                       0x080050f4   Section        0  port.o(i.prvTaskExitError)
    prvTaskExitError                         0x080050f5   Thumb Code    36  port.o(i.prvTaskExitError)
    i.prvTaskIsTaskSuspended                 0x0800511c   Section        0  tasks.o(i.prvTaskIsTaskSuspended)
    prvTaskIsTaskSuspended                   0x0800511d   Thumb Code    48  tasks.o(i.prvTaskIsTaskSuspended)
    i.prvUnlockQueue                         0x08005150   Section        0  queue.o(i.prvUnlockQueue)
    prvUnlockQueue                           0x08005151   Thumb Code   106  queue.o(i.prvUnlockQueue)
    i.pvPortMalloc                           0x080051bc   Section        0  heap_4.o(i.pvPortMalloc)
    i.pxPortInitialiseStack                  0x08005294   Section        0  port.o(i.pxPortInitialiseStack)
    i.uxListRemove                           0x080052c0   Section        0  list.o(i.uxListRemove)
    i.vApplicationGetIdleTaskMemory          0x080052e8   Section        0  freertos.o(i.vApplicationGetIdleTaskMemory)
    i.vListInitialise                        0x080052fc   Section        0  list.o(i.vListInitialise)
    i.vListInitialiseItem                    0x08005312   Section        0  list.o(i.vListInitialiseItem)
    i.vListInsert                            0x08005318   Section        0  list.o(i.vListInsert)
    i.vListInsertEnd                         0x08005348   Section        0  list.o(i.vListInsertEnd)
    i.vPortEnterCritical                     0x08005360   Section        0  port.o(i.vPortEnterCritical)
    i.vPortExitCritical                      0x080053a0   Section        0  port.o(i.vPortExitCritical)
    i.vPortFree                              0x080053c8   Section        0  heap_4.o(i.vPortFree)
    i.vPortSetupTimerInterrupt               0x08005424   Section        0  port.o(i.vPortSetupTimerInterrupt)
    i.vTaskDelay                             0x08005448   Section        0  tasks.o(i.vTaskDelay)
    i.vTaskInternalSetTimeOutState           0x08005494   Section        0  tasks.o(i.vTaskInternalSetTimeOutState)
    i.vTaskMissedYield                       0x080054a4   Section        0  tasks.o(i.vTaskMissedYield)
    i.vTaskPlaceOnEventList                  0x080054b0   Section        0  tasks.o(i.vTaskPlaceOnEventList)
    i.vTaskResume                            0x080054e0   Section        0  tasks.o(i.vTaskResume)
    i.vTaskStartScheduler                    0x0800555c   Section        0  tasks.o(i.vTaskStartScheduler)
    i.vTaskSuspend                           0x080055c8   Section        0  tasks.o(i.vTaskSuspend)
    i.vTaskSuspendAll                        0x08005684   Section        0  tasks.o(i.vTaskSuspendAll)
    i.vTaskSwitchContext                     0x08005694   Section        0  tasks.o(i.vTaskSwitchContext)
    i.xEventGroupCreate                      0x080056f0   Section        0  event_groups.o(i.xEventGroupCreate)
    i.xPortStartScheduler                    0x0800570c   Section        0  port.o(i.xPortStartScheduler)
    i.xQueueGenericCreate                    0x08005800   Section        0  queue.o(i.xQueueGenericCreate)
    i.xQueueGenericReset                     0x08005848   Section        0  queue.o(i.xQueueGenericReset)
    i.xQueueReceive                          0x080058d0   Section        0  queue.o(i.xQueueReceive)
    i.xTaskCheckForTimeOut                   0x08005a08   Section        0  tasks.o(i.xTaskCheckForTimeOut)
    i.xTaskCreate                            0x08005a7c   Section        0  tasks.o(i.xTaskCreate)
    i.xTaskCreateStatic                      0x08005ad6   Section        0  tasks.o(i.xTaskCreateStatic)
    i.xTaskGetSchedulerState                 0x08005b2c   Section        0  tasks.o(i.xTaskGetSchedulerState)
    i.xTaskIncrementTick                     0x08005b48   Section        0  tasks.o(i.xTaskIncrementTick)
    i.xTaskRemoveFromEventList               0x08005c10   Section        0  tasks.o(i.xTaskRemoveFromEventList)
    i.xTaskResumeAll                         0x08005c84   Section        0  tasks.o(i.xTaskResumeAll)
    .constdata                               0x08005d48   Section       16  user.o(.constdata)
    .constdata                               0x08005d58   Section      196  freertos.o(.constdata)
    .constdata                               0x08005e1c   Section       16  system_stm32f4xx.o(.constdata)
    .constdata                               0x08005e2c   Section        8  system_stm32f4xx.o(.constdata)
    .conststring                             0x08005e34   Section      264  user.o(.conststring)
    .conststring                             0x08005f3c   Section      108  freertos.o(.conststring)
    .data                                    0x20000000   Section      116  user.o(.data)
    Rxtimes                                  0x20000004   Data           1  user.o(.data)
    OldCmd                                   0x20000005   Data           1  user.o(.data)
    Voltage_Reality                          0x20000008   Data           4  user.o(.data)
    TempVoltageMin                           0x2000000c   Data           4  user.o(.data)
    .data                                    0x20000074   Section        1  user.o(.data)
    .data                                    0x20000078   Section       40  freertos.o(.data)
    .data                                    0x200000a0   Section        4  stm32f4xx_it.o(.data)
    RxCount_3                                0x200000a0   Data           1  stm32f4xx_it.o(.data)
    RxCount_4                                0x200000a2   Data           2  stm32f4xx_it.o(.data)
    .data                                    0x200000a4   Section       12  stm32f4xx_hal.o(.data)
    .data                                    0x200000b0   Section        4  system_stm32f4xx.o(.data)
    .data                                    0x200000b4   Section       60  tasks.o(.data)
    pxDelayedTaskList                        0x200000b8   Data           4  tasks.o(.data)
    pxOverflowDelayedTaskList                0x200000bc   Data           4  tasks.o(.data)
    uxDeletedTasksWaitingCleanUp             0x200000c0   Data           4  tasks.o(.data)
    uxCurrentNumberOfTasks                   0x200000c4   Data           4  tasks.o(.data)
    xTickCount                               0x200000c8   Data           4  tasks.o(.data)
    uxTopReadyPriority                       0x200000cc   Data           4  tasks.o(.data)
    xSchedulerRunning                        0x200000d0   Data           4  tasks.o(.data)
    uxPendedTicks                            0x200000d4   Data           4  tasks.o(.data)
    xYieldPending                            0x200000d8   Data           4  tasks.o(.data)
    xNumOfOverflows                          0x200000dc   Data           4  tasks.o(.data)
    uxTaskNumber                             0x200000e0   Data           4  tasks.o(.data)
    xNextTaskUnblockTime                     0x200000e4   Data           4  tasks.o(.data)
    xIdleTaskHandle                          0x200000e8   Data           4  tasks.o(.data)
    uxSchedulerSuspended                     0x200000ec   Data           4  tasks.o(.data)
    .data                                    0x200000f0   Section       24  heap_4.o(.data)
    pxEnd                                    0x200000f0   Data           4  heap_4.o(.data)
    xFreeBytesRemaining                      0x200000f4   Data           4  heap_4.o(.data)
    xMinimumEverFreeBytesRemaining           0x200000f8   Data           4  heap_4.o(.data)
    xBlockAllocatedBit                       0x200000fc   Data           4  heap_4.o(.data)
    xStart                                   0x20000100   Data           8  heap_4.o(.data)
    .data                                    0x20000108   Section       12  port.o(.data)
    ucMaxSysCallPriority                     0x20000108   Data           1  port.o(.data)
    uxCriticalNesting                        0x2000010c   Data           4  port.o(.data)
    ulMaxPRIGROUPValue                       0x20000110   Data           4  port.o(.data)
    .data                                    0x20000114   Section        4  stdout.o(.data)
    .bss                                     0x20000118   Section      252  user.o(.bss)
    .bss                                     0x20000214   Section       32  user.o(.bss)
    .bss                                     0x20000234   Section       12  stick.o(.bss)
    .bss                                     0x20000240   Section       20  flash.o(.bss)
    EraseInitStruct                          0x20000240   Data          20  flash.o(.bss)
    .bss                                     0x20000254   Section      596  freertos.o(.bss)
    xIdleTaskTCBBuffer                       0x20000254   Data          84  freertos.o(.bss)
    xIdleStack                               0x200002a8   Data         512  freertos.o(.bss)
    .bss                                     0x200004a8   Section       72  adc.o(.bss)
    .bss                                     0x200004f0   Section       40  can.o(.bss)
    .bss                                     0x20000518   Section      128  tim.o(.bss)
    .bss                                     0x20000598   Section       12  usart.o(.bss)
    .bss                                     0x200005a4   Section       12  usart.o(.bss)
    .bss                                     0x200005b0   Section      128  usart.o(.bss)
    .bss                                     0x20000630   Section       64  stm32f4xx_hal_timebase_tim.o(.bss)
    .bss                                     0x20000670   Section       32  stm32f4xx_hal_flash.o(.bss)
    .bss                                     0x20000690   Section      240  tasks.o(.bss)
    pxReadyTasksLists                        0x20000690   Data         140  tasks.o(.bss)
    xDelayedTaskList1                        0x2000071c   Data          20  tasks.o(.bss)
    xDelayedTaskList2                        0x20000730   Data          20  tasks.o(.bss)
    xPendingReadyList                        0x20000744   Data          20  tasks.o(.bss)
    xTasksWaitingTermination                 0x20000758   Data          20  tasks.o(.bss)
    xSuspendedTaskList                       0x2000076c   Data          20  tasks.o(.bss)
    .bss                                     0x20000780   Section    15360  heap_4.o(.bss)
    ucHeap                                   0x20000780   Data       15360  heap_4.o(.bss)
    STACK                                    0x20004380   Section     1024  startup_stm32f407xx.o(STACK)

    Global Symbols

    Symbol Name                              Value     Ov Type        Size  Object(Section)

    BuildAttributes$$THM_ISAv4$E$P$D$K$B$S$7EM$VFPi3$EXTD16$VFPS$VFMA$PE$A:L22UL41UL21$X:L11$S22US41US21$IEEE1$IW$USESV6$~STKCKD$USESV7$~SHL$OTIME$ROPI$EBA8$MICROLIB$REQ8$PRES8$EABIv2 0x00000000   Number         0  anon$$obj.o ABSOLUTE
    __ARM_use_no_argv                        0x00000000   Number         0  main.o ABSOLUTE
    _printf_a                                0x00000000   Number         0  stubs.o ABSOLUTE
    _printf_c                                0x00000000   Number         0  stubs.o ABSOLUTE
    _printf_charcount                        0x00000000   Number         0  stubs.o ABSOLUTE
    _printf_d                                0x00000000   Number         0  stubs.o ABSOLUTE
    _printf_e                                0x00000000   Number         0  stubs.o ABSOLUTE
    _printf_f                                0x00000000   Number         0  stubs.o ABSOLUTE
    _printf_flags                            0x00000000   Number         0  stubs.o ABSOLUTE
    _printf_fp_dec                           0x00000000   Number         0  stubs.o ABSOLUTE
    _printf_fp_hex                           0x00000000   Number         0  stubs.o ABSOLUTE
    _printf_g                                0x00000000   Number         0  stubs.o ABSOLUTE
    _printf_i                                0x00000000   Number         0  stubs.o ABSOLUTE
    _printf_int_dec                          0x00000000   Number         0  stubs.o ABSOLUTE
    _printf_l                                0x00000000   Number         0  stubs.o ABSOLUTE
    _printf_lc                               0x00000000   Number         0  stubs.o ABSOLUTE
    _printf_ll                               0x00000000   Number         0  stubs.o ABSOLUTE
    _printf_lld                              0x00000000   Number         0  stubs.o ABSOLUTE
    _printf_lli                              0x00000000   Number         0  stubs.o ABSOLUTE
    _printf_llo                              0x00000000   Number         0  stubs.o ABSOLUTE
    _printf_llu                              0x00000000   Number         0  stubs.o ABSOLUTE
    _printf_llx                              0x00000000   Number         0  stubs.o ABSOLUTE
    _printf_longlong_dec                     0x00000000   Number         0  stubs.o ABSOLUTE
    _printf_longlong_hex                     0x00000000   Number         0  stubs.o ABSOLUTE
    _printf_longlong_oct                     0x00000000   Number         0  stubs.o ABSOLUTE
    _printf_ls                               0x00000000   Number         0  stubs.o ABSOLUTE
    _printf_mbtowc                           0x00000000   Number         0  stubs.o ABSOLUTE
    _printf_n                                0x00000000   Number         0  stubs.o ABSOLUTE
    _printf_o                                0x00000000   Number         0  stubs.o ABSOLUTE
    _printf_p                                0x00000000   Number         0  stubs.o ABSOLUTE
    _printf_percent                          0x00000000   Number         0  stubs.o ABSOLUTE
    _printf_pre_padding                      0x00000000   Number         0  stubs.o ABSOLUTE
    _printf_return_value                     0x00000000   Number         0  stubs.o ABSOLUTE
    _printf_s                                0x00000000   Number         0  stubs.o ABSOLUTE
    _printf_sizespec                         0x00000000   Number         0  stubs.o ABSOLUTE
    _printf_str                              0x00000000   Number         0  stubs.o ABSOLUTE
    _printf_truncate_signed                  0x00000000   Number         0  stubs.o ABSOLUTE
    _printf_truncate_unsigned                0x00000000   Number         0  stubs.o ABSOLUTE
    _printf_u                                0x00000000   Number         0  stubs.o ABSOLUTE
    _printf_wc                               0x00000000   Number         0  stubs.o ABSOLUTE
    _printf_wctomb                           0x00000000   Number         0  stubs.o ABSOLUTE
    _printf_widthprec                        0x00000000   Number         0  stubs.o ABSOLUTE
    _printf_x                                0x00000000   Number         0  stubs.o ABSOLUTE
    __cpp_initialize__aeabi_                  - Undefined Weak Reference
    __cxa_finalize                            - Undefined Weak Reference
    __decompress                              - Undefined Weak Reference
    _clock_init                               - Undefined Weak Reference
    _microlib_exit                            - Undefined Weak Reference
    __Vectors_Size                           0x00000188   Number         0  startup_stm32f407xx.o ABSOLUTE
    __Vectors                                0x08000000   Data           4  startup_stm32f407xx.o(RESET)
    __Vectors_End                            0x08000188   Data           0  startup_stm32f407xx.o(RESET)
    __main                                   0x08000189   Thumb Code     0  entry.o(.ARM.Collect$$$$00000000)
    _main_stk                                0x08000189   Thumb Code     0  entry2.o(.ARM.Collect$$$$00000001)
    _main_scatterload                        0x0800018d   Thumb Code     0  entry5.o(.ARM.Collect$$$$00000004)
    __main_after_scatterload                 0x08000191   Thumb Code     0  entry5.o(.ARM.Collect$$$$00000004)
    _main_clock                              0x08000191   Thumb Code     0  entry7b.o(.ARM.Collect$$$$00000008)
    _main_cpp_init                           0x08000191   Thumb Code     0  entry8b.o(.ARM.Collect$$$$0000000A)
    _main_init                               0x08000191   Thumb Code     0  entry9a.o(.ARM.Collect$$$$0000000B)
    __rt_final_cpp                           0x08000199   Thumb Code     0  entry10a.o(.ARM.Collect$$$$0000000D)
    __rt_final_exit                          0x08000199   Thumb Code     0  entry11a.o(.ARM.Collect$$$$0000000F)
    SVC_Handler                              0x0800019d   Thumb Code    28  port.o(.emb_text)
    __asm___6_port_c_39a90d8d__prvStartFirstTask 0x080001bd   Thumb Code    36  port.o(.emb_text)
    __asm___6_port_c_39a90d8d__prvEnableVFP  0x080001e5   Thumb Code    16  port.o(.emb_text)
    PendSV_Handler                           0x080001f9   Thumb Code    88  port.o(.emb_text)
    vPortGetIPSR                             0x08000255   Thumb Code     6  port.o(.emb_text)
    Reset_Handler                            0x0800025d   Thumb Code     8  startup_stm32f407xx.o(.text)
    CAN1_RX1_IRQHandler                      0x08000277   Thumb Code     0  startup_stm32f407xx.o(.text)
    CAN1_SCE_IRQHandler                      0x08000277   Thumb Code     0  startup_stm32f407xx.o(.text)
    CAN1_TX_IRQHandler                       0x08000277   Thumb Code     0  startup_stm32f407xx.o(.text)
    CAN2_RX0_IRQHandler                      0x08000277   Thumb Code     0  startup_stm32f407xx.o(.text)
    CAN2_RX1_IRQHandler                      0x08000277   Thumb Code     0  startup_stm32f407xx.o(.text)
    CAN2_SCE_IRQHandler                      0x08000277   Thumb Code     0  startup_stm32f407xx.o(.text)
    CAN2_TX_IRQHandler                       0x08000277   Thumb Code     0  startup_stm32f407xx.o(.text)
    DCMI_IRQHandler                          0x08000277   Thumb Code     0  startup_stm32f407xx.o(.text)
    DMA1_Stream0_IRQHandler                  0x08000277   Thumb Code     0  startup_stm32f407xx.o(.text)
    DMA1_Stream1_IRQHandler                  0x08000277   Thumb Code     0  startup_stm32f407xx.o(.text)
    DMA1_Stream2_IRQHandler                  0x08000277   Thumb Code     0  startup_stm32f407xx.o(.text)
    DMA1_Stream3_IRQHandler                  0x08000277   Thumb Code     0  startup_stm32f407xx.o(.text)
    DMA1_Stream4_IRQHandler                  0x08000277   Thumb Code     0  startup_stm32f407xx.o(.text)
    DMA1_Stream5_IRQHandler                  0x08000277   Thumb Code     0  startup_stm32f407xx.o(.text)
    DMA1_Stream6_IRQHandler                  0x08000277   Thumb Code     0  startup_stm32f407xx.o(.text)
    DMA1_Stream7_IRQHandler                  0x08000277   Thumb Code     0  startup_stm32f407xx.o(.text)
    DMA2_Stream0_IRQHandler                  0x08000277   Thumb Code     0  startup_stm32f407xx.o(.text)
    DMA2_Stream1_IRQHandler                  0x08000277   Thumb Code     0  startup_stm32f407xx.o(.text)
    DMA2_Stream2_IRQHandler                  0x08000277   Thumb Code     0  startup_stm32f407xx.o(.text)
    DMA2_Stream3_IRQHandler                  0x08000277   Thumb Code     0  startup_stm32f407xx.o(.text)
    DMA2_Stream4_IRQHandler                  0x08000277   Thumb Code     0  startup_stm32f407xx.o(.text)
    DMA2_Stream5_IRQHandler                  0x08000277   Thumb Code     0  startup_stm32f407xx.o(.text)
    DMA2_Stream6_IRQHandler                  0x08000277   Thumb Code     0  startup_stm32f407xx.o(.text)
    DMA2_Stream7_IRQHandler                  0x08000277   Thumb Code     0  startup_stm32f407xx.o(.text)
    ETH_IRQHandler                           0x08000277   Thumb Code     0  startup_stm32f407xx.o(.text)
    ETH_WKUP_IRQHandler                      0x08000277   Thumb Code     0  startup_stm32f407xx.o(.text)
    EXTI0_IRQHandler                         0x08000277   Thumb Code     0  startup_stm32f407xx.o(.text)
    EXTI15_10_IRQHandler                     0x08000277   Thumb Code     0  startup_stm32f407xx.o(.text)
    EXTI1_IRQHandler                         0x08000277   Thumb Code     0  startup_stm32f407xx.o(.text)
    EXTI2_IRQHandler                         0x08000277   Thumb Code     0  startup_stm32f407xx.o(.text)
    EXTI3_IRQHandler                         0x08000277   Thumb Code     0  startup_stm32f407xx.o(.text)
    EXTI4_IRQHandler                         0x08000277   Thumb Code     0  startup_stm32f407xx.o(.text)
    EXTI9_5_IRQHandler                       0x08000277   Thumb Code     0  startup_stm32f407xx.o(.text)
    FLASH_IRQHandler                         0x08000277   Thumb Code     0  startup_stm32f407xx.o(.text)
    FMC_IRQHandler                           0x08000277   Thumb Code     0  startup_stm32f407xx.o(.text)
    FPU_IRQHandler                           0x08000277   Thumb Code     0  startup_stm32f407xx.o(.text)
    HASH_RNG_IRQHandler                      0x08000277   Thumb Code     0  startup_stm32f407xx.o(.text)
    I2C1_ER_IRQHandler                       0x08000277   Thumb Code     0  startup_stm32f407xx.o(.text)
    I2C1_EV_IRQHandler                       0x08000277   Thumb Code     0  startup_stm32f407xx.o(.text)
    I2C2_ER_IRQHandler                       0x08000277   Thumb Code     0  startup_stm32f407xx.o(.text)
    I2C2_EV_IRQHandler                       0x08000277   Thumb Code     0  startup_stm32f407xx.o(.text)
    I2C3_ER_IRQHandler                       0x08000277   Thumb Code     0  startup_stm32f407xx.o(.text)
    I2C3_EV_IRQHandler                       0x08000277   Thumb Code     0  startup_stm32f407xx.o(.text)
    OTG_FS_IRQHandler                        0x08000277   Thumb Code     0  startup_stm32f407xx.o(.text)
    OTG_FS_WKUP_IRQHandler                   0x08000277   Thumb Code     0  startup_stm32f407xx.o(.text)
    OTG_HS_EP1_IN_IRQHandler                 0x08000277   Thumb Code     0  startup_stm32f407xx.o(.text)
    OTG_HS_EP1_OUT_IRQHandler                0x08000277   Thumb Code     0  startup_stm32f407xx.o(.text)
    OTG_HS_IRQHandler                        0x08000277   Thumb Code     0  startup_stm32f407xx.o(.text)
    OTG_HS_WKUP_IRQHandler                   0x08000277   Thumb Code     0  startup_stm32f407xx.o(.text)
    PVD_IRQHandler                           0x08000277   Thumb Code     0  startup_stm32f407xx.o(.text)
    RCC_IRQHandler                           0x08000277   Thumb Code     0  startup_stm32f407xx.o(.text)
    RTC_Alarm_IRQHandler                     0x08000277   Thumb Code     0  startup_stm32f407xx.o(.text)
    RTC_WKUP_IRQHandler                      0x08000277   Thumb Code     0  startup_stm32f407xx.o(.text)
    SDIO_IRQHandler                          0x08000277   Thumb Code     0  startup_stm32f407xx.o(.text)
    SPI1_IRQHandler                          0x08000277   Thumb Code     0  startup_stm32f407xx.o(.text)
    SPI2_IRQHandler                          0x08000277   Thumb Code     0  startup_stm32f407xx.o(.text)
    SPI3_IRQHandler                          0x08000277   Thumb Code     0  startup_stm32f407xx.o(.text)
    TAMP_STAMP_IRQHandler                    0x08000277   Thumb Code     0  startup_stm32f407xx.o(.text)
    TIM1_BRK_TIM9_IRQHandler                 0x08000277   Thumb Code     0  startup_stm32f407xx.o(.text)
    TIM1_CC_IRQHandler                       0x08000277   Thumb Code     0  startup_stm32f407xx.o(.text)
    TIM1_TRG_COM_TIM11_IRQHandler            0x08000277   Thumb Code     0  startup_stm32f407xx.o(.text)
    TIM1_UP_TIM10_IRQHandler                 0x08000277   Thumb Code     0  startup_stm32f407xx.o(.text)
    TIM2_IRQHandler                          0x08000277   Thumb Code     0  startup_stm32f407xx.o(.text)
    TIM4_IRQHandler                          0x08000277   Thumb Code     0  startup_stm32f407xx.o(.text)
    TIM5_IRQHandler                          0x08000277   Thumb Code     0  startup_stm32f407xx.o(.text)
    TIM8_BRK_TIM12_IRQHandler                0x08000277   Thumb Code     0  startup_stm32f407xx.o(.text)
    TIM8_CC_IRQHandler                       0x08000277   Thumb Code     0  startup_stm32f407xx.o(.text)
    TIM8_TRG_COM_TIM14_IRQHandler            0x08000277   Thumb Code     0  startup_stm32f407xx.o(.text)
    TIM8_UP_TIM13_IRQHandler                 0x08000277   Thumb Code     0  startup_stm32f407xx.o(.text)
    UART5_IRQHandler                         0x08000277   Thumb Code     0  startup_stm32f407xx.o(.text)
    USART1_IRQHandler                        0x08000277   Thumb Code     0  startup_stm32f407xx.o(.text)
    USART2_IRQHandler                        0x08000277   Thumb Code     0  startup_stm32f407xx.o(.text)
    USART6_IRQHandler                        0x08000277   Thumb Code     0  startup_stm32f407xx.o(.text)
    WWDG_IRQHandler                          0x08000277   Thumb Code     0  startup_stm32f407xx.o(.text)
    __aeabi_uldivmod                         0x08000281   Thumb Code    98  uldiv.o(.text)
    __aeabi_memcpy                           0x080002e3   Thumb Code    36  memcpya.o(.text)
    __aeabi_memcpy4                          0x080002e3   Thumb Code     0  memcpya.o(.text)
    __aeabi_memcpy8                          0x080002e3   Thumb Code     0  memcpya.o(.text)
    __aeabi_memset                           0x08000307   Thumb Code    14  memseta.o(.text)
    __aeabi_memset4                          0x08000307   Thumb Code     0  memseta.o(.text)
    __aeabi_memset8                          0x08000307   Thumb Code     0  memseta.o(.text)
    __aeabi_memclr                           0x08000315   Thumb Code     4  memseta.o(.text)
    __aeabi_memclr4                          0x08000315   Thumb Code     0  memseta.o(.text)
    __aeabi_memclr8                          0x08000315   Thumb Code     0  memseta.o(.text)
    memset                                   0x08000319   Thumb Code    18  memseta.o(.text)
    __aeabi_dmul                             0x0800032b   Thumb Code   228  dmul.o(.text)
    __aeabi_f2d                              0x0800040f   Thumb Code    38  f2d.o(.text)
    __aeabi_uidiv                            0x08000435   Thumb Code     0  uidiv.o(.text)
    __aeabi_uidivmod                         0x08000435   Thumb Code    44  uidiv.o(.text)
    __aeabi_llsl                             0x08000461   Thumb Code    30  llshl.o(.text)
    _ll_shift_l                              0x08000461   Thumb Code     0  llshl.o(.text)
    __aeabi_llsr                             0x0800047f   Thumb Code    32  llushr.o(.text)
    _ll_ushift_r                             0x0800047f   Thumb Code     0  llushr.o(.text)
    __I$use$fp                               0x0800049f   Thumb Code     0  iusefp.o(.text)
    _double_round                            0x0800049f   Thumb Code    30  depilogue.o(.text)
    _double_epilogue                         0x080004bd   Thumb Code   156  depilogue.o(.text)
    __aeabi_dadd                             0x08000559   Thumb Code   322  dadd.o(.text)
    __aeabi_dsub                             0x0800069b   Thumb Code     6  dadd.o(.text)
    __aeabi_drsub                            0x080006a1   Thumb Code     6  dadd.o(.text)
    __aeabi_ddiv                             0x080006a7   Thumb Code   222  ddiv.o(.text)
    __aeabi_d2ulz                            0x08000785   Thumb Code    48  dfixul.o(.text)
    __aeabi_cdrcmple                         0x080007b5   Thumb Code    48  cdrcmple.o(.text)
    __scatterload                            0x080007e5   Thumb Code    28  init.o(.text)
    __scatterload_rt2                        0x080007e5   Thumb Code     0  init.o(.text)
    __aeabi_lasr                             0x08000809   Thumb Code    36  llsshr.o(.text)
    _ll_sshift_r                             0x08000809   Thumb Code     0  llsshr.o(.text)
    ADC_IRQHandler                           0x0800082d   Thumb Code     6  stm32f4xx_it.o(i.ADC_IRQHandler)
    BusFault_Handler                         0x08000961   Thumb Code     2  stm32f4xx_it.o(i.BusFault_Handler)
    CAN1_RX0_IRQHandler                      0x08000965   Thumb Code     6  stm32f4xx_it.o(i.CAN1_RX0_IRQHandler)
    CAN1_SendMsg                             0x08000971   Thumb Code    76  can.o(i.CAN1_SendMsg)
    CAN_Config                               0x080009c1   Thumb Code    68  can.o(i.CAN_Config)
    CanDataPro                               0x08000a09   Thumb Code    12  freertos.o(i.CanDataPro)
    CanRxErrorCheck                          0x08000a15   Thumb Code    50  user.o(i.CanRxErrorCheck)
    CanTxDataPro                             0x08000a4d   Thumb Code    32  freertos.o(i.CanTxDataPro)
    CheckStatus                              0x08000a6d   Thumb Code   132  user.o(i.CheckStatus)
    CtrlMotor                                0x08000b61   Thumb Code   128  user.o(i.CtrlMotor)
    DebugMon_Handler                         0x08000bf5   Thumb Code     2  stm32f4xx_it.o(i.DebugMon_Handler)
    Error_Handler                            0x08000bf7   Thumb Code     2  main.o(i.Error_Handler)
    FLASH_Erase_Sector                       0x08000bf9   Thumb Code    74  stm32f4xx_hal_flash_ex.o(i.FLASH_Erase_Sector)
    FLASH_FlushCaches                        0x08000c49   Thumb Code    80  stm32f4xx_hal_flash_ex.o(i.FLASH_FlushCaches)
    FLASH_WaitForLastOperation               0x08000dc1   Thumb Code    72  stm32f4xx_hal_flash.o(i.FLASH_WaitForLastOperation)
    FloatToLittleEndingShort                 0x08000e11   Thumb Code    28  math_user.o(i.FloatToLittleEndingShort)
    GetAllMotorState                         0x08000e2d   Thumb Code   100  user.o(i.GetAllMotorState)
    GetMotorObjectAngleAndSpeed              0x08000e9d   Thumb Code   838  user.o(i.GetMotorObjectAngleAndSpeed)
    GetVoltagePro                            0x080012ad   Thumb Code    12  freertos.o(i.GetVoltagePro)
    GetWalkPhase                             0x080012b9   Thumb Code   130  user.o(i.GetWalkPhase)
    HAL_ADCEx_InjectedConvCpltCallback       0x08001345   Thumb Code     2  stm32f4xx_hal_adc_ex.o(i.HAL_ADCEx_InjectedConvCpltCallback)
    HAL_ADC_ConfigChannel                    0x08001349   Thumb Code   316  stm32f4xx_hal_adc.o(i.HAL_ADC_ConfigChannel)
    HAL_ADC_ConvCpltCallback                 0x08001495   Thumb Code    34  adc.o(i.HAL_ADC_ConvCpltCallback)
    HAL_ADC_ErrorCallback                    0x080014c5   Thumb Code     2  stm32f4xx_hal_adc.o(i.HAL_ADC_ErrorCallback)
    HAL_ADC_GetValue                         0x080014c7   Thumb Code     6  stm32f4xx_hal_adc.o(i.HAL_ADC_GetValue)
    HAL_ADC_IRQHandler                       0x080014cd   Thumb Code   316  stm32f4xx_hal_adc.o(i.HAL_ADC_IRQHandler)
    HAL_ADC_Init                             0x08001609   Thumb Code    84  stm32f4xx_hal_adc.o(i.HAL_ADC_Init)
    HAL_ADC_LevelOutOfWindowCallback         0x0800165d   Thumb Code     2  stm32f4xx_hal_adc.o(i.HAL_ADC_LevelOutOfWindowCallback)
    HAL_ADC_MspInit                          0x08001661   Thumb Code   100  adc.o(i.HAL_ADC_MspInit)
    HAL_ADC_Start_IT                         0x080016d1   Thumb Code   220  stm32f4xx_hal_adc.o(i.HAL_ADC_Start_IT)
    HAL_ADC_Stop_IT                          0x080017c9   Thumb Code    68  stm32f4xx_hal_adc.o(i.HAL_ADC_Stop_IT)
    HAL_CAN_ActivateNotification             0x08001811   Thumb Code    36  stm32f4xx_hal_can.o(i.HAL_CAN_ActivateNotification)
    HAL_CAN_AddTxMessage                     0x08001835   Thumb Code   200  stm32f4xx_hal_can.o(i.HAL_CAN_AddTxMessage)
    HAL_CAN_ConfigFilter                     0x080018fd   Thumb Code   262  stm32f4xx_hal_can.o(i.HAL_CAN_ConfigFilter)
    HAL_CAN_ErrorCallback                    0x08001a09   Thumb Code     2  stm32f4xx_hal_can.o(i.HAL_CAN_ErrorCallback)
    HAL_CAN_GetRxMessage                     0x08001a0b   Thumb Code   232  stm32f4xx_hal_can.o(i.HAL_CAN_GetRxMessage)
    HAL_CAN_GetTxMailboxesFreeLevel          0x08001af3   Thumb Code    44  stm32f4xx_hal_can.o(i.HAL_CAN_GetTxMailboxesFreeLevel)
    HAL_CAN_IRQHandler                       0x08001b1f   Thumb Code   508  stm32f4xx_hal_can.o(i.HAL_CAN_IRQHandler)
    HAL_CAN_Init                             0x08001d1b   Thumb Code   282  stm32f4xx_hal_can.o(i.HAL_CAN_Init)
    HAL_CAN_MspInit                          0x08001e35   Thumb Code   110  can.o(i.HAL_CAN_MspInit)
    HAL_CAN_RxFifo0FullCallback              0x08001eb1   Thumb Code     2  stm32f4xx_hal_can.o(i.HAL_CAN_RxFifo0FullCallback)
    HAL_CAN_RxFifo0MsgPendingCallback        0x08001eb5   Thumb Code   186  can.o(i.HAL_CAN_RxFifo0MsgPendingCallback)
    HAL_CAN_RxFifo1FullCallback              0x08001f81   Thumb Code     2  stm32f4xx_hal_can.o(i.HAL_CAN_RxFifo1FullCallback)
    HAL_CAN_RxFifo1MsgPendingCallback        0x08001f83   Thumb Code     2  stm32f4xx_hal_can.o(i.HAL_CAN_RxFifo1MsgPendingCallback)
    HAL_CAN_SleepCallback                    0x08001f85   Thumb Code     2  stm32f4xx_hal_can.o(i.HAL_CAN_SleepCallback)
    HAL_CAN_Start                            0x08001f89   Thumb Code    88  stm32f4xx_hal_can.o(i.HAL_CAN_Start)
    HAL_CAN_TxMailbox0AbortCallback          0x08001fe1   Thumb Code     2  stm32f4xx_hal_can.o(i.HAL_CAN_TxMailbox0AbortCallback)
    HAL_CAN_TxMailbox0CompleteCallback       0x08001fe3   Thumb Code     2  stm32f4xx_hal_can.o(i.HAL_CAN_TxMailbox0CompleteCallback)
    HAL_CAN_TxMailbox1AbortCallback          0x08001fe5   Thumb Code     2  stm32f4xx_hal_can.o(i.HAL_CAN_TxMailbox1AbortCallback)
    HAL_CAN_TxMailbox1CompleteCallback       0x08001fe7   Thumb Code     2  stm32f4xx_hal_can.o(i.HAL_CAN_TxMailbox1CompleteCallback)
    HAL_CAN_TxMailbox2AbortCallback          0x08001fe9   Thumb Code     2  stm32f4xx_hal_can.o(i.HAL_CAN_TxMailbox2AbortCallback)
    HAL_CAN_TxMailbox2CompleteCallback       0x08001feb   Thumb Code     2  stm32f4xx_hal_can.o(i.HAL_CAN_TxMailbox2CompleteCallback)
    HAL_CAN_WakeUpFromRxMsgCallback          0x08001fed   Thumb Code     2  stm32f4xx_hal_can.o(i.HAL_CAN_WakeUpFromRxMsgCallback)
    HAL_DMA_Abort_IT                         0x08001fef   Thumb Code    36  stm32f4xx_hal_dma.o(i.HAL_DMA_Abort_IT)
    HAL_Delay                                0x08002015   Thumb Code    32  stm32f4xx_hal.o(i.HAL_Delay)
    HAL_FLASHEx_Erase                        0x08002039   Thumb Code   144  stm32f4xx_hal_flash_ex.o(i.HAL_FLASHEx_Erase)
    HAL_FLASH_Lock                           0x080020d1   Thumb Code    14  stm32f4xx_hal_flash.o(i.HAL_FLASH_Lock)
    HAL_FLASH_Program                        0x080020e5   Thumb Code   116  stm32f4xx_hal_flash.o(i.HAL_FLASH_Program)
    HAL_FLASH_Unlock                         0x08002161   Thumb Code    32  stm32f4xx_hal_flash.o(i.HAL_FLASH_Unlock)
    HAL_GPIO_Init                            0x0800218d   Thumb Code   394  stm32f4xx_hal_gpio.o(i.HAL_GPIO_Init)
    HAL_GPIO_ReadPin                         0x08002345   Thumb Code    10  stm32f4xx_hal_gpio.o(i.HAL_GPIO_ReadPin)
    HAL_GPIO_WritePin                        0x0800234f   Thumb Code    10  stm32f4xx_hal_gpio.o(i.HAL_GPIO_WritePin)
    HAL_GetTick                              0x08002359   Thumb Code     6  stm32f4xx_hal.o(i.HAL_GetTick)
    HAL_IncTick                              0x08002365   Thumb Code    12  stm32f4xx_hal.o(i.HAL_IncTick)
    HAL_Init                                 0x08002375   Thumb Code    48  stm32f4xx_hal.o(i.HAL_Init)
    HAL_InitTick                             0x080023a9   Thumb Code   100  stm32f4xx_hal_timebase_tim.o(i.HAL_InitTick)
    HAL_MspInit                              0x0800241d   Thumb Code    42  stm32f4xx_hal_msp.o(i.HAL_MspInit)
    HAL_NVIC_EnableIRQ                       0x0800244d   Thumb Code    26  stm32f4xx_hal_cortex.o(i.HAL_NVIC_EnableIRQ)
    HAL_NVIC_SetPriority                     0x08002469   Thumb Code    60  stm32f4xx_hal_cortex.o(i.HAL_NVIC_SetPriority)
    HAL_NVIC_SetPriorityGrouping             0x080024a9   Thumb Code    26  stm32f4xx_hal_cortex.o(i.HAL_NVIC_SetPriorityGrouping)
    HAL_RCC_ClockConfig                      0x080024cd   Thumb Code   288  stm32f4xx_hal_rcc.o(i.HAL_RCC_ClockConfig)
    HAL_RCC_GetClockConfig                   0x08002601   Thumb Code    54  stm32f4xx_hal_rcc.o(i.HAL_RCC_GetClockConfig)
    HAL_RCC_GetPCLK1Freq                     0x08002641   Thumb Code    20  stm32f4xx_hal_rcc.o(i.HAL_RCC_GetPCLK1Freq)
    HAL_RCC_GetPCLK2Freq                     0x08002661   Thumb Code    20  stm32f4xx_hal_rcc.o(i.HAL_RCC_GetPCLK2Freq)
    HAL_RCC_GetSysClockFreq                  0x08002681   Thumb Code    88  stm32f4xx_hal_rcc.o(i.HAL_RCC_GetSysClockFreq)
    HAL_RCC_OscConfig                        0x080026e5   Thumb Code   840  stm32f4xx_hal_rcc.o(i.HAL_RCC_OscConfig)
    HAL_TIMEx_BreakCallback                  0x08002a41   Thumb Code     2  stm32f4xx_hal_tim_ex.o(i.HAL_TIMEx_BreakCallback)
    HAL_TIMEx_CommutCallback                 0x08002a43   Thumb Code     2  stm32f4xx_hal_tim_ex.o(i.HAL_TIMEx_CommutCallback)
    HAL_TIMEx_MasterConfigSynchronization    0x08002a45   Thumb Code   116  stm32f4xx_hal_tim_ex.o(i.HAL_TIMEx_MasterConfigSynchronization)
    HAL_TIM_Base_Init                        0x08002ad5   Thumb Code    54  stm32f4xx_hal_tim.o(i.HAL_TIM_Base_Init)
    HAL_TIM_Base_MspInit                     0x08002b0d   Thumb Code    86  tim.o(i.HAL_TIM_Base_MspInit)
    HAL_TIM_Base_Start_IT                    0x08002b71   Thumb Code    34  stm32f4xx_hal_tim.o(i.HAL_TIM_Base_Start_IT)
    HAL_TIM_Base_Stop_IT                     0x08002b93   Thumb Code    42  stm32f4xx_hal_tim.o(i.HAL_TIM_Base_Stop_IT)
    HAL_TIM_ConfigClockSource                0x08002bbd   Thumb Code   214  stm32f4xx_hal_tim.o(i.HAL_TIM_ConfigClockSource)
    HAL_TIM_IC_CaptureCallback               0x08002c93   Thumb Code     2  stm32f4xx_hal_tim.o(i.HAL_TIM_IC_CaptureCallback)
    HAL_TIM_IRQHandler                       0x08002c95   Thumb Code   358  stm32f4xx_hal_tim.o(i.HAL_TIM_IRQHandler)
    HAL_TIM_OC_DelayElapsedCallback          0x08002dfb   Thumb Code     2  stm32f4xx_hal_tim.o(i.HAL_TIM_OC_DelayElapsedCallback)
    HAL_TIM_PWM_PulseFinishedCallback        0x08002dfd   Thumb Code     2  stm32f4xx_hal_tim.o(i.HAL_TIM_PWM_PulseFinishedCallback)
    HAL_TIM_PeriodElapsedCallback            0x08002e01   Thumb Code    14  main.o(i.HAL_TIM_PeriodElapsedCallback)
    HAL_TIM_TriggerCallback                  0x08002e15   Thumb Code     2  stm32f4xx_hal_tim.o(i.HAL_TIM_TriggerCallback)
    HAL_UART_ErrorCallback                   0x08002e17   Thumb Code     2  stm32f4xx_hal_uart.o(i.HAL_UART_ErrorCallback)
    HAL_UART_IRQHandler                      0x08002e19   Thumb Code   270  stm32f4xx_hal_uart.o(i.HAL_UART_IRQHandler)
    HAL_UART_Init                            0x08002f2d   Thumb Code    98  stm32f4xx_hal_uart.o(i.HAL_UART_Init)
    HAL_UART_MspInit                         0x08002f91   Thumb Code   184  usart.o(i.HAL_UART_MspInit)
    HAL_UART_RxCpltCallback                  0x0800305d   Thumb Code     2  stm32f4xx_hal_uart.o(i.HAL_UART_RxCpltCallback)
    HAL_UART_Transmit                        0x0800305f   Thumb Code   186  stm32f4xx_hal_uart.o(i.HAL_UART_Transmit)
    HAL_UART_TxCpltCallback                  0x08003119   Thumb Code     2  stm32f4xx_hal_uart.o(i.HAL_UART_TxCpltCallback)
    HardFault_Handler                        0x0800311b   Thumb Code     2  stm32f4xx_it.o(i.HardFault_Handler)
    IsAllMotorStop                           0x0800311d   Thumb Code    98  user.o(i.IsAllMotorStop)
    IsEqual                                  0x08003189   Thumb Code    26  math_user.o(i.IsEqual)
    KeyScanPro                               0x080031a3   Thumb Code    12  freertos.o(i.KeyScanPro)
    KeyTypeJudge                             0x080031b1   Thumb Code   194  stick.o(i.KeyTypeJudge)
    LittleEndingShortToFloat                 0x080032ed   Thumb Code    24  math_user.o(i.LittleEndingShortToFloat)
    MX_ADC1_Init                             0x08003305   Thumb Code    88  adc.o(i.MX_ADC1_Init)
    MX_CAN1_Init                             0x08003369   Thumb Code    60  can.o(i.MX_CAN1_Init)
    MX_FREERTOS_Init                         0x080033ad   Thumb Code   192  freertos.o(i.MX_FREERTOS_Init)
    MX_GPIO_Init                             0x08003475   Thumb Code   212  gpio.o(i.MX_GPIO_Init)
    MX_TIM3_Init                             0x08003559   Thumb Code    94  tim.o(i.MX_TIM3_Init)
    MX_TIM6_Init                             0x080035c1   Thumb Code    62  tim.o(i.MX_TIM6_Init)
    MX_UART4_Init                            0x08003609   Thumb Code    48  usart.o(i.MX_UART4_Init)
    MX_USART3_UART_Init                      0x08003641   Thumb Code    48  usart.o(i.MX_USART3_UART_Init)
    MemManage_Handler                        0x08003679   Thumb Code     2  stm32f4xx_it.o(i.MemManage_Handler)
    NMI_Handler                              0x0800367b   Thumb Code     2  stm32f4xx_it.o(i.NMI_Handler)
    PackMotorCtrlMsg                         0x0800367d   Thumb Code    62  user.o(i.PackMotorCtrlMsg)
    PrintBuff                                0x080036c5   Thumb Code    34  math_user.o(i.PrintBuff)
    PrintfUserFlash                          0x080036f5   Thumb Code    46  flash.o(i.PrintfUserFlash)
    ReadFlashData                            0x08003765   Thumb Code    46  flash.o(i.ReadFlashData)
    SetExternalCtrlCmd                       0x08003799   Thumb Code     6  user.o(i.SetExternalCtrlCmd)
    SoftwareLimit                            0x080037a5   Thumb Code   162  user.o(i.SoftwareLimit)
    SysTick_Handler                          0x08003861   Thumb Code    38  port.o(i.SysTick_Handler)
    SystemCheckPro                           0x0800388d   Thumb Code    72  freertos.o(i.SystemCheckPro)
    SystemClock_Config                       0x080038e9   Thumb Code   124  main.o(i.SystemClock_Config)
    SystemInit                               0x0800396d   Thumb Code    22  system_stm32f4xx.o(i.SystemInit)
    TIM3_IRQHandler                          0x08003989   Thumb Code   148  stm32f4xx_it.o(i.TIM3_IRQHandler)
    TIM6_DAC_IRQHandler                      0x08003a29   Thumb Code    58  stm32f4xx_it.o(i.TIM6_DAC_IRQHandler)
    TIM7_IRQHandler                          0x08003a75   Thumb Code     6  stm32f4xx_it.o(i.TIM7_IRQHandler)
    TIM_Base_SetConfig                       0x08003a81   Thumb Code   156  stm32f4xx_hal_tim.o(i.TIM_Base_SetConfig)
    TIM_ETR_SetConfig                        0x08003b49   Thumb Code    20  stm32f4xx_hal_tim.o(i.TIM_ETR_SetConfig)
    TransExternalCmdToInternalCmd            0x08003bb5   Thumb Code    66  user.o(i.TransExternalCmdToInternalCmd)
    UART4_IRQHandler                         0x08003bfd   Thumb Code    98  stm32f4xx_it.o(i.UART4_IRQHandler)
    USART3_IRQHandler                        0x08003f21   Thumb Code    98  stm32f4xx_it.o(i.USART3_IRQHandler)
    UartDataPro                              0x08003f91   Thumb Code    70  freertos.o(i.UartDataPro)
    UnpackRemoteCmd                          0x08003fdd   Thumb Code   150  user.o(i.UnpackRemoteCmd)
    UpLoadAppDataPro                         0x080040d5   Thumb Code   206  user.o(i.UpLoadAppDataPro)
    UpLoadDataPro                            0x080041ad   Thumb Code    16  freertos.o(i.UpLoadDataPro)
    UsageFault_Handler                       0x080041bd   Thumb Code     2  stm32f4xx_it.o(i.UsageFault_Handler)
    UserInit                                 0x080041c1   Thumb Code    60  user.o(i.UserInit)
    WriteFlashData                           0x0800420d   Thumb Code   150  flash.o(i.WriteFlashData)
    __0printf                                0x080042c9   Thumb Code    22  printfa.o(i.__0printf)
    __1printf                                0x080042c9   Thumb Code     0  printfa.o(i.__0printf)
    __2printf                                0x080042c9   Thumb Code     0  printfa.o(i.__0printf)
    __c89printf                              0x080042c9   Thumb Code     0  printfa.o(i.__0printf)
    printf                                   0x080042c9   Thumb Code     0  printfa.o(i.__0printf)
    __scatterload_copy                       0x08004309   Thumb Code    14  handlers.o(i.__scatterload_copy)
    __scatterload_null                       0x08004317   Thumb Code     2  handlers.o(i.__scatterload_null)
    __scatterload_zeroinit                   0x08004319   Thumb Code    14  handlers.o(i.__scatterload_zeroinit)
    fputc                                    0x08004bdd   Thumb Code    18  usart.o(i.fputc)
    inituser                                 0x08004bf5   Thumb Code    36  user.o(i.inituser)
    main                                     0x08004c19   Thumb Code   118  main.o(i.main)
    osDelay                                  0x08004d09   Thumb Code    14  cmsis_os.o(i.osDelay)
    osKernelStart                            0x08004d17   Thumb Code    10  cmsis_os.o(i.osKernelStart)
    osThreadCreate                           0x08004d21   Thumb Code    84  cmsis_os.o(i.osThreadCreate)
    pvPortMalloc                             0x080051bd   Thumb Code   210  heap_4.o(i.pvPortMalloc)
    pxPortInitialiseStack                    0x08005295   Thumb Code    40  port.o(i.pxPortInitialiseStack)
    uxListRemove                             0x080052c1   Thumb Code    38  list.o(i.uxListRemove)
    vApplicationGetIdleTaskMemory            0x080052e9   Thumb Code    16  freertos.o(i.vApplicationGetIdleTaskMemory)
    vListInitialise                          0x080052fd   Thumb Code    22  list.o(i.vListInitialise)
    vListInitialiseItem                      0x08005313   Thumb Code     6  list.o(i.vListInitialiseItem)
    vListInsert                              0x08005319   Thumb Code    48  list.o(i.vListInsert)
    vListInsertEnd                           0x08005349   Thumb Code    24  list.o(i.vListInsertEnd)
    vPortEnterCritical                       0x08005361   Thumb Code    54  port.o(i.vPortEnterCritical)
    vPortExitCritical                        0x080053a1   Thumb Code    34  port.o(i.vPortExitCritical)
    vPortFree                                0x080053c9   Thumb Code    88  heap_4.o(i.vPortFree)
    vPortSetupTimerInterrupt                 0x08005425   Thumb Code    32  port.o(i.vPortSetupTimerInterrupt)
    vTaskDelay                               0x08005449   Thumb Code    66  tasks.o(i.vTaskDelay)
    vTaskInternalSetTimeOutState             0x08005495   Thumb Code    12  tasks.o(i.vTaskInternalSetTimeOutState)
    vTaskMissedYield                         0x080054a5   Thumb Code     8  tasks.o(i.vTaskMissedYield)
    vTaskPlaceOnEventList                    0x080054b1   Thumb Code    44  tasks.o(i.vTaskPlaceOnEventList)
    vTaskResume                              0x080054e1   Thumb Code   112  tasks.o(i.vTaskResume)
    vTaskStartScheduler                      0x0800555d   Thumb Code    90  tasks.o(i.vTaskStartScheduler)
    vTaskSuspend                             0x080055c9   Thumb Code   174  tasks.o(i.vTaskSuspend)
    vTaskSuspendAll                          0x08005685   Thumb Code    10  tasks.o(i.vTaskSuspendAll)
    vTaskSwitchContext                       0x08005695   Thumb Code    82  tasks.o(i.vTaskSwitchContext)
    xEventGroupCreate                        0x080056f1   Thumb Code    28  event_groups.o(i.xEventGroupCreate)
    xPortStartScheduler                      0x0800570d   Thumb Code   222  port.o(i.xPortStartScheduler)
    xQueueGenericCreate                      0x08005801   Thumb Code    72  queue.o(i.xQueueGenericCreate)
    xQueueGenericReset                       0x08005849   Thumb Code   132  queue.o(i.xQueueGenericReset)
    xQueueReceive                            0x080058d1   Thumb Code   308  queue.o(i.xQueueReceive)
    xTaskCheckForTimeOut                     0x08005a09   Thumb Code   112  tasks.o(i.xTaskCheckForTimeOut)
    xTaskCreate                              0x08005a7d   Thumb Code    90  tasks.o(i.xTaskCreate)
    xTaskCreateStatic                        0x08005ad7   Thumb Code    86  tasks.o(i.xTaskCreateStatic)
    xTaskGetSchedulerState                   0x08005b2d   Thumb Code    22  tasks.o(i.xTaskGetSchedulerState)
    xTaskIncrementTick                       0x08005b49   Thumb Code   192  tasks.o(i.xTaskIncrementTick)
    xTaskRemoveFromEventList                 0x08005c11   Thumb Code   108  tasks.o(i.xTaskRemoveFromEventList)
    xTaskResumeAll                           0x08005c85   Thumb Code   182  tasks.o(i.xTaskResumeAll)
    CanIdsOfMotorBackData                    0x08005d48   Data           8  user.o(.constdata)
    CanIdsOfCtrlMotor                        0x08005d50   Data           8  user.o(.constdata)
    AHBPrescTable                            0x08005e1c   Data          16  system_stm32f4xx.o(.constdata)
    APBPrescTable                            0x08005e2c   Data           8  system_stm32f4xx.o(.constdata)
    Region$$Table$$Base                      0x08005fa8   Number         0  anon$$obj.o(Region$$Table)
    Region$$Table$$Limit                     0x08005fc8   Number         0  anon$$obj.o(Region$$Table)
    LastWalkPhase_g                          0x20000000   Data           1  user.o(.data)
    NowWalkPhase_g                           0x20000001   Data           1  user.o(.data)
    NextWalkPhase_g                          0x20000002   Data           1  user.o(.data)
    CmdFalg                                  0x20000003   Data           1  user.o(.data)
    ADC1Value                                0x20000006   Data           2  user.o(.data)
    ExternalCtrlCmd_g                        0x20000010   Data           4  user.o(.data)
    Maps_MotorAnglesOfWalkPhase              0x20000014   Data          80  user.o(.data)
    MotorPosStrs                             0x20000064   Data          16  user.o(.data)
    CanStartRxFlag                           0x20000074   Data           1  user.o(.data)
    Usart3RxBuffQueue                        0x20000078   Data           4  freertos.o(.data)
    Usart4RxBuffQueue                        0x2000007c   Data           4  freertos.o(.data)
    EventGroupHandler                        0x20000080   Data           4  freertos.o(.data)
    CanTxDataTaskHandle                      0x20000084   Data           4  freertos.o(.data)
    UartDataProTaskHandle                    0x20000088   Data           4  freertos.o(.data)
    CanDataProTaskHandle                     0x2000008c   Data           4  freertos.o(.data)
    GetVoltageTaskHandle                     0x20000090   Data           4  freertos.o(.data)
    KeyScanTaskHandle                        0x20000094   Data           4  freertos.o(.data)
    UpLoadDataTaskHandle                     0x20000098   Data           4  freertos.o(.data)
    SystemCheckTaskHandle                    0x2000009c   Data           4  freertos.o(.data)
    uwTickFreq                               0x200000a4   Data           1  stm32f4xx_hal.o(.data)
    uwTickPrio                               0x200000a8   Data           4  stm32f4xx_hal.o(.data)
    uwTick                                   0x200000ac   Data           4  stm32f4xx_hal.o(.data)
    SystemCoreClock                          0x200000b0   Data           4  system_stm32f4xx.o(.data)
    pxCurrentTCB                             0x200000b4   Data           4  tasks.o(.data)
    __stdout                                 0x20000114   Data           4  stdout.o(.data)
    UploadMotorDataLeft                      0x20000118   Data          13  user.o(.bss)
    UploadMotorDataRight                     0x20000125   Data          13  user.o(.bss)
    UploadCellData                           0x20000132   Data          13  user.o(.bss)
    WriteFlashBuffer                         0x20000140   Data          32  user.o(.bss)
    NowMotorData                             0x20000160   Data          52  user.o(.bss)
    ObjetMotorData                           0x20000194   Data          52  user.o(.bss)
    JointStatus                              0x200001c8   Data          20  user.o(.bss)
    CanMotorAngles                           0x200001dc   Data          56  user.o(.bss)
    ReadFlashBuffer                          0x20000214   Data          32  user.o(.bss)
    KeyStatus                                0x20000234   Data          12  stick.o(.bss)
    hadc1                                    0x200004a8   Data          72  adc.o(.bss)
    hcan1                                    0x200004f0   Data          40  can.o(.bss)
    htim3                                    0x20000518   Data          64  tim.o(.bss)
    htim6                                    0x20000558   Data          64  tim.o(.bss)
    Uart3RxBuffer                            0x20000598   Data          12  usart.o(.bss)
    Uart4RxBuffer                            0x200005a4   Data          12  usart.o(.bss)
    huart4                                   0x200005b0   Data          64  usart.o(.bss)
    huart3                                   0x200005f0   Data          64  usart.o(.bss)
    htim7                                    0x20000630   Data          64  stm32f4xx_hal_timebase_tim.o(.bss)
    pFlash                                   0x20000670   Data          32  stm32f4xx_hal_flash.o(.bss)
    __initial_sp                             0x20004780   Data           0  startup_stm32f407xx.o(STACK)



==============================================================================

Memory Map of the image

  Image Entry point : 0x08000189

  Load Region LR_IROM1 (Base: 0x08000000, Size: 0x000060e0, Max: 0x00100000, ABSOLUTE)

    Execution Region ER_IROM1 (Exec base: 0x08000000, Load base: 0x08000000, Size: 0x00005fc8, Max: 0x00100000, ABSOLUTE)

    Exec Addr    Load Addr    Size         Type   Attr      Idx    E Section Name        Object

    0x08000000   0x08000000   0x00000188   Data   RO            3    RESET               startup_stm32f407xx.o
    0x08000188   0x08000188   0x00000000   Code   RO         5193  * .ARM.Collect$$$$00000000  mc_w.l(entry.o)
    0x08000188   0x08000188   0x00000004   Code   RO         5475    .ARM.Collect$$$$00000001  mc_w.l(entry2.o)
    0x0800018c   0x0800018c   0x00000004   Code   RO         5478    .ARM.Collect$$$$00000004  mc_w.l(entry5.o)
    0x08000190   0x08000190   0x00000000   Code   RO         5480    .ARM.Collect$$$$00000008  mc_w.l(entry7b.o)
    0x08000190   0x08000190   0x00000000   Code   RO         5482    .ARM.Collect$$$$0000000A  mc_w.l(entry8b.o)
    0x08000190   0x08000190   0x00000008   Code   RO         5483    .ARM.Collect$$$$0000000B  mc_w.l(entry9a.o)
    0x08000198   0x08000198   0x00000000   Code   RO         5485    .ARM.Collect$$$$0000000D  mc_w.l(entry10a.o)
    0x08000198   0x08000198   0x00000000   Code   RO         5487    .ARM.Collect$$$$0000000F  mc_w.l(entry11a.o)
    0x08000198   0x08000198   0x00000004   Code   RO         5476    .ARM.Collect$$$$00002712  mc_w.l(entry2.o)
    0x0800019c   0x0800019c   0x000000be   Code   RO         5116    .emb_text           port.o
    0x0800025a   0x0800025a   0x00000002   PAD
    0x0800025c   0x0800025c   0x00000024   Code   RO            4    .text               startup_stm32f407xx.o
    0x08000280   0x08000280   0x00000062   Code   RO         5196    .text               mc_w.l(uldiv.o)
    0x080002e2   0x080002e2   0x00000024   Code   RO         5198    .text               mc_w.l(memcpya.o)
    0x08000306   0x08000306   0x00000024   Code   RO         5202    .text               mc_w.l(memseta.o)
    0x0800032a   0x0800032a   0x000000e4   Code   RO         5467    .text               mf_w.l(dmul.o)
    0x0800040e   0x0800040e   0x00000026   Code   RO         5471    .text               mf_w.l(f2d.o)
    0x08000434   0x08000434   0x0000002c   Code   RO         5490    .text               mc_w.l(uidiv.o)
    0x08000460   0x08000460   0x0000001e   Code   RO         5492    .text               mc_w.l(llshl.o)
    0x0800047e   0x0800047e   0x00000020   Code   RO         5494    .text               mc_w.l(llushr.o)
    0x0800049e   0x0800049e   0x00000000   Code   RO         5496    .text               mc_w.l(iusefp.o)
    0x0800049e   0x0800049e   0x000000ba   Code   RO         5499    .text               mf_w.l(depilogue.o)
    0x08000558   0x08000558   0x0000014e   Code   RO         5501    .text               mf_w.l(dadd.o)
    0x080006a6   0x080006a6   0x000000de   Code   RO         5503    .text               mf_w.l(ddiv.o)
    0x08000784   0x08000784   0x00000030   Code   RO         5505    .text               mf_w.l(dfixul.o)
    0x080007b4   0x080007b4   0x00000030   Code   RO         5507    .text               mf_w.l(cdrcmple.o)
    0x080007e4   0x080007e4   0x00000024   Code   RO         5509    .text               mc_w.l(init.o)
    0x08000808   0x08000808   0x00000024   Code   RO         5511    .text               mc_w.l(llsshr.o)
    0x0800082c   0x0800082c   0x0000000c   Code   RO          820    i.ADC_IRQHandler    stm32f4xx_it.o
    0x08000838   0x08000838   0x00000128   Code   RO          987    i.ADC_Init          stm32f4xx_hal_adc.o
    0x08000960   0x08000960   0x00000002   Code   RO          821    i.BusFault_Handler  stm32f4xx_it.o
    0x08000962   0x08000962   0x00000002   PAD
    0x08000964   0x08000964   0x0000000c   Code   RO          822    i.CAN1_RX0_IRQHandler  stm32f4xx_it.o
    0x08000970   0x08000970   0x00000050   Code   RO          650    i.CAN1_SendMsg      can.o
    0x080009c0   0x080009c0   0x00000048   Code   RO          651    i.CAN_Config        can.o
    0x08000a08   0x08000a08   0x0000000c   Code   RO          512    i.CanDataPro        freertos.o
    0x08000a14   0x08000a14   0x00000038   Code   RO           13    i.CanRxErrorCheck   user.o
    0x08000a4c   0x08000a4c   0x00000020   Code   RO          513    i.CanTxDataPro      freertos.o
    0x08000a6c   0x08000a6c   0x000000f4   Code   RO           14    i.CheckStatus       user.o
    0x08000b60   0x08000b60   0x00000094   Code   RO           15    i.CtrlMotor         user.o
    0x08000bf4   0x08000bf4   0x00000002   Code   RO          823    i.DebugMon_Handler  stm32f4xx_it.o
    0x08000bf6   0x08000bf6   0x00000002   Code   RO          432    i.Error_Handler     main.o
    0x08000bf8   0x08000bf8   0x00000050   Code   RO         1533    i.FLASH_Erase_Sector  stm32f4xx_hal_flash_ex.o
    0x08000c48   0x08000c48   0x00000054   Code   RO         1534    i.FLASH_FlushCaches  stm32f4xx_hal_flash_ex.o
    0x08000c9c   0x08000c9c   0x00000028   Code   RO         1535    i.FLASH_MassErase   stm32f4xx_hal_flash_ex.o
    0x08000cc4   0x08000cc4   0x00000020   Code   RO         1415    i.FLASH_Program_Byte  stm32f4xx_hal_flash.o
    0x08000ce4   0x08000ce4   0x0000002c   Code   RO         1416    i.FLASH_Program_DoubleWord  stm32f4xx_hal_flash.o
    0x08000d10   0x08000d10   0x00000024   Code   RO         1417    i.FLASH_Program_HalfWord  stm32f4xx_hal_flash.o
    0x08000d34   0x08000d34   0x00000024   Code   RO         1418    i.FLASH_Program_Word  stm32f4xx_hal_flash.o
    0x08000d58   0x08000d58   0x00000068   Code   RO         1419    i.FLASH_SetErrorCode  stm32f4xx_hal_flash.o
    0x08000dc0   0x08000dc0   0x00000050   Code   RO         1420    i.FLASH_WaitForLastOperation  stm32f4xx_hal_flash.o
    0x08000e10   0x08000e10   0x0000001c   Code   RO          309    i.FloatToLittleEndingShort  math_user.o
    0x08000e2c   0x08000e2c   0x00000070   Code   RO           16    i.GetAllMotorState  user.o
    0x08000e9c   0x08000e9c   0x00000394   Code   RO           18    i.GetMotorObjectAngleAndSpeed  user.o
    0x08001230   0x08001230   0x0000007c   Code   RO          390    i.GetSector         flash.o
    0x080012ac   0x080012ac   0x0000000c   Code   RO          514    i.GetVoltagePro     freertos.o
    0x080012b8   0x080012b8   0x0000008c   Code   RO           19    i.GetWalkPhase      user.o
    0x08001344   0x08001344   0x00000002   Code   RO         1158    i.HAL_ADCEx_InjectedConvCpltCallback  stm32f4xx_hal_adc_ex.o
    0x08001346   0x08001346   0x00000002   PAD
    0x08001348   0x08001348   0x0000014c   Code   RO          989    i.HAL_ADC_ConfigChannel  stm32f4xx_hal_adc.o
    0x08001494   0x08001494   0x00000030   Code   RO          602    i.HAL_ADC_ConvCpltCallback  adc.o
    0x080014c4   0x080014c4   0x00000002   Code   RO          993    i.HAL_ADC_ErrorCallback  stm32f4xx_hal_adc.o
    0x080014c6   0x080014c6   0x00000006   Code   RO          996    i.HAL_ADC_GetValue  stm32f4xx_hal_adc.o
    0x080014cc   0x080014cc   0x0000013c   Code   RO          997    i.HAL_ADC_IRQHandler  stm32f4xx_hal_adc.o
    0x08001608   0x08001608   0x00000054   Code   RO          998    i.HAL_ADC_Init      stm32f4xx_hal_adc.o
    0x0800165c   0x0800165c   0x00000002   Code   RO          999    i.HAL_ADC_LevelOutOfWindowCallback  stm32f4xx_hal_adc.o
    0x0800165e   0x0800165e   0x00000002   PAD
    0x08001660   0x08001660   0x00000070   Code   RO          604    i.HAL_ADC_MspInit   adc.o
    0x080016d0   0x080016d0   0x000000f8   Code   RO         1006    i.HAL_ADC_Start_IT  stm32f4xx_hal_adc.o
    0x080017c8   0x080017c8   0x00000048   Code   RO         1009    i.HAL_ADC_Stop_IT   stm32f4xx_hal_adc.o
    0x08001810   0x08001810   0x00000024   Code   RO         2392    i.HAL_CAN_ActivateNotification  stm32f4xx_hal_can.o
    0x08001834   0x08001834   0x000000c8   Code   RO         2393    i.HAL_CAN_AddTxMessage  stm32f4xx_hal_can.o
    0x080018fc   0x080018fc   0x0000010c   Code   RO         2394    i.HAL_CAN_ConfigFilter  stm32f4xx_hal_can.o
    0x08001a08   0x08001a08   0x00000002   Code   RO         2397    i.HAL_CAN_ErrorCallback  stm32f4xx_hal_can.o
    0x08001a0a   0x08001a0a   0x000000e8   Code   RO         2400    i.HAL_CAN_GetRxMessage  stm32f4xx_hal_can.o
    0x08001af2   0x08001af2   0x0000002c   Code   RO         2402    i.HAL_CAN_GetTxMailboxesFreeLevel  stm32f4xx_hal_can.o
    0x08001b1e   0x08001b1e   0x000001fc   Code   RO         2404    i.HAL_CAN_IRQHandler  stm32f4xx_hal_can.o
    0x08001d1a   0x08001d1a   0x0000011a   Code   RO         2405    i.HAL_CAN_Init      stm32f4xx_hal_can.o
    0x08001e34   0x08001e34   0x0000007c   Code   RO          653    i.HAL_CAN_MspInit   can.o
    0x08001eb0   0x08001eb0   0x00000002   Code   RO         2412    i.HAL_CAN_RxFifo0FullCallback  stm32f4xx_hal_can.o
    0x08001eb2   0x08001eb2   0x00000002   PAD
    0x08001eb4   0x08001eb4   0x000000cc   Code   RO          654    i.HAL_CAN_RxFifo0MsgPendingCallback  can.o
    0x08001f80   0x08001f80   0x00000002   Code   RO         2414    i.HAL_CAN_RxFifo1FullCallback  stm32f4xx_hal_can.o
    0x08001f82   0x08001f82   0x00000002   Code   RO         2415    i.HAL_CAN_RxFifo1MsgPendingCallback  stm32f4xx_hal_can.o
    0x08001f84   0x08001f84   0x00000002   Code   RO         2416    i.HAL_CAN_SleepCallback  stm32f4xx_hal_can.o
    0x08001f86   0x08001f86   0x00000002   PAD
    0x08001f88   0x08001f88   0x00000058   Code   RO         2417    i.HAL_CAN_Start     stm32f4xx_hal_can.o
    0x08001fe0   0x08001fe0   0x00000002   Code   RO         2419    i.HAL_CAN_TxMailbox0AbortCallback  stm32f4xx_hal_can.o
    0x08001fe2   0x08001fe2   0x00000002   Code   RO         2420    i.HAL_CAN_TxMailbox0CompleteCallback  stm32f4xx_hal_can.o
    0x08001fe4   0x08001fe4   0x00000002   Code   RO         2421    i.HAL_CAN_TxMailbox1AbortCallback  stm32f4xx_hal_can.o
    0x08001fe6   0x08001fe6   0x00000002   Code   RO         2422    i.HAL_CAN_TxMailbox1CompleteCallback  stm32f4xx_hal_can.o
    0x08001fe8   0x08001fe8   0x00000002   Code   RO         2423    i.HAL_CAN_TxMailbox2AbortCallback  stm32f4xx_hal_can.o
    0x08001fea   0x08001fea   0x00000002   Code   RO         2424    i.HAL_CAN_TxMailbox2CompleteCallback  stm32f4xx_hal_can.o
    0x08001fec   0x08001fec   0x00000002   Code   RO         2426    i.HAL_CAN_WakeUpFromRxMsgCallback  stm32f4xx_hal_can.o
    0x08001fee   0x08001fee   0x00000024   Code   RO         1722    i.HAL_DMA_Abort_IT  stm32f4xx_hal_dma.o
    0x08002012   0x08002012   0x00000002   PAD
    0x08002014   0x08002014   0x00000024   Code   RO         2140    i.HAL_Delay         stm32f4xx_hal.o
    0x08002038   0x08002038   0x00000098   Code   RO         1536    i.HAL_FLASHEx_Erase  stm32f4xx_hal_flash_ex.o
    0x080020d0   0x080020d0   0x00000014   Code   RO         1424    i.HAL_FLASH_Lock    stm32f4xx_hal_flash.o
    0x080020e4   0x080020e4   0x0000007c   Code   RO         1429    i.HAL_FLASH_Program  stm32f4xx_hal_flash.o
    0x08002160   0x08002160   0x0000002c   Code   RO         1431    i.HAL_FLASH_Unlock  stm32f4xx_hal_flash.o
    0x0800218c   0x0800218c   0x000001b8   Code   RO         1614    i.HAL_GPIO_Init     stm32f4xx_hal_gpio.o
    0x08002344   0x08002344   0x0000000a   Code   RO         1616    i.HAL_GPIO_ReadPin  stm32f4xx_hal_gpio.o
    0x0800234e   0x0800234e   0x0000000a   Code   RO         1618    i.HAL_GPIO_WritePin  stm32f4xx_hal_gpio.o
    0x08002358   0x08002358   0x0000000c   Code   RO         2146    i.HAL_GetTick       stm32f4xx_hal.o
    0x08002364   0x08002364   0x00000010   Code   RO         2152    i.HAL_IncTick       stm32f4xx_hal.o
    0x08002374   0x08002374   0x00000034   Code   RO         2153    i.HAL_Init          stm32f4xx_hal.o
    0x080023a8   0x080023a8   0x00000074   Code   RO          945    i.HAL_InitTick      stm32f4xx_hal_timebase_tim.o
    0x0800241c   0x0800241c   0x00000030   Code   RO          921    i.HAL_MspInit       stm32f4xx_hal_msp.o
    0x0800244c   0x0800244c   0x0000001a   Code   RO         2003    i.HAL_NVIC_EnableIRQ  stm32f4xx_hal_cortex.o
    0x08002466   0x08002466   0x00000002   PAD
    0x08002468   0x08002468   0x00000040   Code   RO         2009    i.HAL_NVIC_SetPriority  stm32f4xx_hal_cortex.o
    0x080024a8   0x080024a8   0x00000024   Code   RO         2010    i.HAL_NVIC_SetPriorityGrouping  stm32f4xx_hal_cortex.o
    0x080024cc   0x080024cc   0x00000134   Code   RO         1260    i.HAL_RCC_ClockConfig  stm32f4xx_hal_rcc.o
    0x08002600   0x08002600   0x00000040   Code   RO         1264    i.HAL_RCC_GetClockConfig  stm32f4xx_hal_rcc.o
    0x08002640   0x08002640   0x00000020   Code   RO         1267    i.HAL_RCC_GetPCLK1Freq  stm32f4xx_hal_rcc.o
    0x08002660   0x08002660   0x00000020   Code   RO         1268    i.HAL_RCC_GetPCLK2Freq  stm32f4xx_hal_rcc.o
    0x08002680   0x08002680   0x00000064   Code   RO         1269    i.HAL_RCC_GetSysClockFreq  stm32f4xx_hal_rcc.o
    0x080026e4   0x080026e4   0x0000035c   Code   RO         1272    i.HAL_RCC_OscConfig  stm32f4xx_hal_rcc.o
    0x08002a40   0x08002a40   0x00000002   Code   RO         3302    i.HAL_TIMEx_BreakCallback  stm32f4xx_hal_tim_ex.o
    0x08002a42   0x08002a42   0x00000002   Code   RO         3303    i.HAL_TIMEx_CommutCallback  stm32f4xx_hal_tim_ex.o
    0x08002a44   0x08002a44   0x00000090   Code   RO         3320    i.HAL_TIMEx_MasterConfigSynchronization  stm32f4xx_hal_tim_ex.o
    0x08002ad4   0x08002ad4   0x00000036   Code   RO         2627    i.HAL_TIM_Base_Init  stm32f4xx_hal_tim.o
    0x08002b0a   0x08002b0a   0x00000002   PAD
    0x08002b0c   0x08002b0c   0x00000064   Code   RO          711    i.HAL_TIM_Base_MspInit  tim.o
    0x08002b70   0x08002b70   0x00000022   Code   RO         2632    i.HAL_TIM_Base_Start_IT  stm32f4xx_hal_tim.o
    0x08002b92   0x08002b92   0x0000002a   Code   RO         2635    i.HAL_TIM_Base_Stop_IT  stm32f4xx_hal_tim.o
    0x08002bbc   0x08002bbc   0x000000d6   Code   RO         2636    i.HAL_TIM_ConfigClockSource  stm32f4xx_hal_tim.o
    0x08002c92   0x08002c92   0x00000002   Code   RO         2656    i.HAL_TIM_IC_CaptureCallback  stm32f4xx_hal_tim.o
    0x08002c94   0x08002c94   0x00000166   Code   RO         2670    i.HAL_TIM_IRQHandler  stm32f4xx_hal_tim.o
    0x08002dfa   0x08002dfa   0x00000002   Code   RO         2673    i.HAL_TIM_OC_DelayElapsedCallback  stm32f4xx_hal_tim.o
    0x08002dfc   0x08002dfc   0x00000002   Code   RO         2700    i.HAL_TIM_PWM_PulseFinishedCallback  stm32f4xx_hal_tim.o
    0x08002dfe   0x08002dfe   0x00000002   PAD
    0x08002e00   0x08002e00   0x00000014   Code   RO          433    i.HAL_TIM_PeriodElapsedCallback  main.o
    0x08002e14   0x08002e14   0x00000002   Code   RO         2713    i.HAL_TIM_TriggerCallback  stm32f4xx_hal_tim.o
    0x08002e16   0x08002e16   0x00000002   Code   RO         3574    i.HAL_UART_ErrorCallback  stm32f4xx_hal_uart.o
    0x08002e18   0x08002e18   0x00000114   Code   RO         3577    i.HAL_UART_IRQHandler  stm32f4xx_hal_uart.o
    0x08002f2c   0x08002f2c   0x00000062   Code   RO         3578    i.HAL_UART_Init     stm32f4xx_hal_uart.o
    0x08002f8e   0x08002f8e   0x00000002   PAD
    0x08002f90   0x08002f90   0x000000cc   Code   RO          759    i.HAL_UART_MspInit  usart.o
    0x0800305c   0x0800305c   0x00000002   Code   RO         3584    i.HAL_UART_RxCpltCallback  stm32f4xx_hal_uart.o
    0x0800305e   0x0800305e   0x000000ba   Code   RO         3586    i.HAL_UART_Transmit  stm32f4xx_hal_uart.o
    0x08003118   0x08003118   0x00000002   Code   RO         3589    i.HAL_UART_TxCpltCallback  stm32f4xx_hal_uart.o
    0x0800311a   0x0800311a   0x00000002   Code   RO          824    i.HardFault_Handler  stm32f4xx_it.o
    0x0800311c   0x0800311c   0x0000006c   Code   RO           20    i.IsAllMotorStop    user.o
    0x08003188   0x08003188   0x0000001a   Code   RO          311    i.IsEqual           math_user.o
    0x080031a2   0x080031a2   0x0000000c   Code   RO          515    i.KeyScanPro        freertos.o
    0x080031ae   0x080031ae   0x00000002   PAD
    0x080031b0   0x080031b0   0x0000013c   Code   RO          356    i.KeyTypeJudge      stick.o
    0x080032ec   0x080032ec   0x00000018   Code   RO          312    i.LittleEndingShortToFloat  math_user.o
    0x08003304   0x08003304   0x00000064   Code   RO          605    i.MX_ADC1_Init      adc.o
    0x08003368   0x08003368   0x00000044   Code   RO          655    i.MX_CAN1_Init      can.o
    0x080033ac   0x080033ac   0x000000c8   Code   RO          516    i.MX_FREERTOS_Init  freertos.o
    0x08003474   0x08003474   0x000000e4   Code   RO          488    i.MX_GPIO_Init      gpio.o
    0x08003558   0x08003558   0x00000068   Code   RO          712    i.MX_TIM3_Init      tim.o
    0x080035c0   0x080035c0   0x00000048   Code   RO          713    i.MX_TIM6_Init      tim.o
    0x08003608   0x08003608   0x00000038   Code   RO          760    i.MX_UART4_Init     usart.o
    0x08003640   0x08003640   0x00000038   Code   RO          761    i.MX_USART3_UART_Init  usart.o
    0x08003678   0x08003678   0x00000002   Code   RO          825    i.MemManage_Handler  stm32f4xx_it.o
    0x0800367a   0x0800367a   0x00000002   Code   RO          826    i.NMI_Handler       stm32f4xx_it.o
    0x0800367c   0x0800367c   0x00000048   Code   RO           21    i.PackMotorCtrlMsg  user.o
    0x080036c4   0x080036c4   0x00000030   Code   RO          313    i.PrintBuff         math_user.o
    0x080036f4   0x080036f4   0x00000070   Code   RO          391    i.PrintfUserFlash   flash.o
    0x08003764   0x08003764   0x00000034   Code   RO          392    i.ReadFlashData     flash.o
    0x08003798   0x08003798   0x0000000c   Code   RO           22    i.SetExternalCtrlCmd  user.o
    0x080037a4   0x080037a4   0x000000bc   Code   RO           23    i.SoftwareLimit     user.o
    0x08003860   0x08003860   0x0000002c   Code   RO         5117    i.SysTick_Handler   port.o
    0x0800388c   0x0800388c   0x0000005c   Code   RO          517    i.SystemCheckPro    freertos.o
    0x080038e8   0x080038e8   0x00000084   Code   RO          434    i.SystemClock_Config  main.o
    0x0800396c   0x0800396c   0x0000001c   Code   RO         3880    i.SystemInit        system_stm32f4xx.o
    0x08003988   0x08003988   0x000000a0   Code   RO          827    i.TIM3_IRQHandler   stm32f4xx_it.o
    0x08003a28   0x08003a28   0x0000004c   Code   RO          828    i.TIM6_DAC_IRQHandler  stm32f4xx_it.o
    0x08003a74   0x08003a74   0x0000000c   Code   RO          829    i.TIM7_IRQHandler   stm32f4xx_it.o
    0x08003a80   0x08003a80   0x000000c8   Code   RO         2715    i.TIM_Base_SetConfig  stm32f4xx_hal_tim.o
    0x08003b48   0x08003b48   0x00000014   Code   RO         2726    i.TIM_ETR_SetConfig  stm32f4xx_hal_tim.o
    0x08003b5c   0x08003b5c   0x00000010   Code   RO         2727    i.TIM_ITRx_SetConfig  stm32f4xx_hal_tim.o
    0x08003b6c   0x08003b6c   0x00000022   Code   RO         2733    i.TIM_TI1_ConfigInputStage  stm32f4xx_hal_tim.o
    0x08003b8e   0x08003b8e   0x00000024   Code   RO         2735    i.TIM_TI2_ConfigInputStage  stm32f4xx_hal_tim.o
    0x08003bb2   0x08003bb2   0x00000002   PAD
    0x08003bb4   0x08003bb4   0x00000048   Code   RO           24    i.TransExternalCmdToInternalCmd  user.o
    0x08003bfc   0x08003bfc   0x00000070   Code   RO          830    i.UART4_IRQHandler  stm32f4xx_it.o
    0x08003c6c   0x08003c6c   0x00000010   Code   RO         3591    i.UART_DMAAbortOnError  stm32f4xx_hal_uart.o
    0x08003c7c   0x08003c7c   0x0000001c   Code   RO         3601    i.UART_EndRxTransfer  stm32f4xx_hal_uart.o
    0x08003c98   0x08003c98   0x00000096   Code   RO         3603    i.UART_Receive_IT   stm32f4xx_hal_uart.o
    0x08003d2e   0x08003d2e   0x00000002   PAD
    0x08003d30   0x08003d30   0x00000128   Code   RO         3604    i.UART_SetConfig    stm32f4xx_hal_uart.o
    0x08003e58   0x08003e58   0x00000062   Code   RO         3605    i.UART_Transmit_IT  stm32f4xx_hal_uart.o
    0x08003eba   0x08003eba   0x00000064   Code   RO         3606    i.UART_WaitOnFlagUntilTimeout  stm32f4xx_hal_uart.o
    0x08003f1e   0x08003f1e   0x00000002   PAD
    0x08003f20   0x08003f20   0x00000070   Code   RO          831    i.USART3_IRQHandler  stm32f4xx_it.o
    0x08003f90   0x08003f90   0x0000004c   Code   RO          518    i.UartDataPro       freertos.o
    0x08003fdc   0x08003fdc   0x000000f8   Code   RO           25    i.UnpackRemoteCmd   user.o
    0x080040d4   0x080040d4   0x000000d8   Code   RO           26    i.UpLoadAppDataPro  user.o
    0x080041ac   0x080041ac   0x00000010   Code   RO          519    i.UpLoadDataPro     freertos.o
    0x080041bc   0x080041bc   0x00000002   Code   RO          832    i.UsageFault_Handler  stm32f4xx_it.o
    0x080041be   0x080041be   0x00000002   PAD
    0x080041c0   0x080041c0   0x0000004c   Code   RO           27    i.UserInit          user.o
    0x0800420c   0x0800420c   0x000000bc   Code   RO          393    i.WriteFlashData    flash.o
    0x080042c8   0x080042c8   0x00000020   Code   RO         5439    i.__0printf         mc_w.l(printfa.o)
    0x080042e8   0x080042e8   0x00000020   Code   RO         2016    i.__NVIC_SetPriority  stm32f4xx_hal_cortex.o
    0x08004308   0x08004308   0x0000000e   Code   RO         5515    i.__scatterload_copy  mc_w.l(handlers.o)
    0x08004316   0x08004316   0x00000002   Code   RO         5516    i.__scatterload_null  mc_w.l(handlers.o)
    0x08004318   0x08004318   0x0000000e   Code   RO         5517    i.__scatterload_zeroinit  mc_w.l(handlers.o)
    0x08004326   0x08004326   0x00000002   PAD
    0x08004328   0x08004328   0x00000184   Code   RO         5446    i._fp_digits        mc_w.l(printfa.o)
    0x080044ac   0x080044ac   0x000006dc   Code   RO         5447    i._printf_core      mc_w.l(printfa.o)
    0x08004b88   0x08004b88   0x00000024   Code   RO         5448    i._printf_post_padding  mc_w.l(printfa.o)
    0x08004bac   0x08004bac   0x0000002e   Code   RO         5449    i._printf_pre_padding  mc_w.l(printfa.o)
    0x08004bda   0x08004bda   0x00000002   PAD
    0x08004bdc   0x08004bdc   0x00000018   Code   RO          762    i.fputc             usart.o
    0x08004bf4   0x08004bf4   0x00000024   Code   RO           28    i.inituser          user.o
    0x08004c18   0x08004c18   0x000000e4   Code   RO          435    i.main              main.o
    0x08004cfc   0x08004cfc   0x0000000c   Code   RO         4688    i.makeFreeRtosPriority  cmsis_os.o
    0x08004d08   0x08004d08   0x0000000e   Code   RO         4690    i.osDelay           cmsis_os.o
    0x08004d16   0x08004d16   0x0000000a   Code   RO         4693    i.osKernelStart     cmsis_os.o
    0x08004d20   0x08004d20   0x00000054   Code   RO         4727    i.osThreadCreate    cmsis_os.o
    0x08004d74   0x08004d74   0x00000070   Code   RO         4382    i.prvAddCurrentTaskToDelayedList  tasks.o
    0x08004de4   0x08004de4   0x000000d0   Code   RO         4383    i.prvAddNewTaskToReadyList  tasks.o
    0x08004eb4   0x08004eb4   0x00000026   Code   RO         4058    i.prvCopyDataFromQueue  queue.o
    0x08004eda   0x08004eda   0x00000034   Code   RO         4384    i.prvDeleteTCB      tasks.o
    0x08004f0e   0x08004f0e   0x00000002   PAD
    0x08004f10   0x08004f10   0x0000004c   Code   RO         5055    i.prvHeapInit       heap_4.o
    0x08004f5c   0x08004f5c   0x00000060   Code   RO         4385    i.prvIdleTask       tasks.o
    0x08004fbc   0x08004fbc   0x00000016   Code   RO         4061    i.prvInitialiseNewQueue  queue.o
    0x08004fd2   0x08004fd2   0x00000098   Code   RO         4386    i.prvInitialiseNewTask  tasks.o
    0x0800506a   0x0800506a   0x00000002   PAD
    0x0800506c   0x0800506c   0x0000004c   Code   RO         5056    i.prvInsertBlockIntoFreeList  heap_4.o
    0x080050b8   0x080050b8   0x0000001c   Code   RO         4062    i.prvIsQueueEmpty   queue.o
    0x080050d4   0x080050d4   0x00000020   Code   RO         4387    i.prvResetNextTaskUnblockTime  tasks.o
    0x080050f4   0x080050f4   0x00000028   Code   RO         5118    i.prvTaskExitError  port.o
    0x0800511c   0x0800511c   0x00000034   Code   RO         4388    i.prvTaskIsTaskSuspended  tasks.o
    0x08005150   0x08005150   0x0000006a   Code   RO         4063    i.prvUnlockQueue    queue.o
    0x080051ba   0x080051ba   0x00000002   PAD
    0x080051bc   0x080051bc   0x000000d8   Code   RO         5057    i.pvPortMalloc      heap_4.o
    0x08005294   0x08005294   0x0000002c   Code   RO         5119    i.pxPortInitialiseStack  port.o
    0x080052c0   0x080052c0   0x00000026   Code   RO         4018    i.uxListRemove      list.o
    0x080052e6   0x080052e6   0x00000002   PAD
    0x080052e8   0x080052e8   0x00000014   Code   RO          520    i.vApplicationGetIdleTaskMemory  freertos.o
    0x080052fc   0x080052fc   0x00000016   Code   RO         4019    i.vListInitialise   list.o
    0x08005312   0x08005312   0x00000006   Code   RO         4020    i.vListInitialiseItem  list.o
    0x08005318   0x08005318   0x00000030   Code   RO         4021    i.vListInsert       list.o
    0x08005348   0x08005348   0x00000018   Code   RO         4022    i.vListInsertEnd    list.o
    0x08005360   0x08005360   0x00000040   Code   RO         5121    i.vPortEnterCritical  port.o
    0x080053a0   0x080053a0   0x00000028   Code   RO         5122    i.vPortExitCritical  port.o
    0x080053c8   0x080053c8   0x0000005c   Code   RO         5058    i.vPortFree         heap_4.o
    0x08005424   0x08005424   0x00000024   Code   RO         5123    i.vPortSetupTimerInterrupt  port.o
    0x08005448   0x08005448   0x0000004c   Code   RO         4395    i.vTaskDelay        tasks.o
    0x08005494   0x08005494   0x00000010   Code   RO         4398    i.vTaskInternalSetTimeOutState  tasks.o
    0x080054a4   0x080054a4   0x0000000c   Code   RO         4399    i.vTaskMissedYield  tasks.o
    0x080054b0   0x080054b0   0x00000030   Code   RO         4401    i.vTaskPlaceOnEventList  tasks.o
    0x080054e0   0x080054e0   0x0000007c   Code   RO         4406    i.vTaskResume       tasks.o
    0x0800555c   0x0800555c   0x0000006c   Code   RO         4408    i.vTaskStartScheduler  tasks.o
    0x080055c8   0x080055c8   0x000000bc   Code   RO         4409    i.vTaskSuspend      tasks.o
    0x08005684   0x08005684   0x00000010   Code   RO         4410    i.vTaskSuspendAll   tasks.o
    0x08005694   0x08005694   0x0000005c   Code   RO         4411    i.vTaskSwitchContext  tasks.o
    0x080056f0   0x080056f0   0x0000001c   Code   RO         3928    i.xEventGroupCreate  event_groups.o
    0x0800570c   0x0800570c   0x000000f4   Code   RO         5125    i.xPortStartScheduler  port.o
    0x08005800   0x08005800   0x00000048   Code   RO         4072    i.xQueueGenericCreate  queue.o
    0x08005848   0x08005848   0x00000088   Code   RO         4074    i.xQueueGenericReset  queue.o
    0x080058d0   0x080058d0   0x00000138   Code   RO         4082    i.xQueueReceive     queue.o
    0x08005a08   0x08005a08   0x00000074   Code   RO         4412    i.xTaskCheckForTimeOut  tasks.o
    0x08005a7c   0x08005a7c   0x0000005a   Code   RO         4413    i.xTaskCreate       tasks.o
    0x08005ad6   0x08005ad6   0x00000056   Code   RO         4414    i.xTaskCreateStatic  tasks.o
    0x08005b2c   0x08005b2c   0x0000001c   Code   RO         4418    i.xTaskGetSchedulerState  tasks.o
    0x08005b48   0x08005b48   0x000000c8   Code   RO         4421    i.xTaskIncrementTick  tasks.o
    0x08005c10   0x08005c10   0x00000074   Code   RO         4426    i.xTaskRemoveFromEventList  tasks.o
    0x08005c84   0x08005c84   0x000000c4   Code   RO         4427    i.xTaskResumeAll    tasks.o
    0x08005d48   0x08005d48   0x00000010   Data   RO           31    .constdata          user.o
    0x08005d58   0x08005d58   0x000000c4   Data   RO          522    .constdata          freertos.o
    0x08005e1c   0x08005e1c   0x00000010   Data   RO         3881    .constdata          system_stm32f4xx.o
    0x08005e2c   0x08005e2c   0x00000008   Data   RO         3882    .constdata          system_stm32f4xx.o
    0x08005e34   0x08005e34   0x00000108   Data   RO           32    .conststring        user.o
    0x08005f3c   0x08005f3c   0x0000006c   Data   RO          523    .conststring        freertos.o
    0x08005fa8   0x08005fa8   0x00000020   Data   RO         5513    Region$$Table       anon$$obj.o


    Execution Region RW_IRAM2 (Exec base: 0x10000000, Load base: 0x080060e0, Size: 0x00000000, Max: 0x00010000, ABSOLUTE)

    **** No section assigned to this execution region ****


    Execution Region RW_IRAM1 (Exec base: 0x20000000, Load base: 0x08005fc8, Size: 0x00004780, Max: 0x00020000, ABSOLUTE)

    Exec Addr    Load Addr    Size         Type   Attr      Idx    E Section Name        Object

    0x20000000   0x08005fc8   0x00000074   Data   RW           33    .data               user.o
    0x20000074   0x0800603c   0x00000001   Data   RW           34    .data               user.o
    0x20000075   0x0800603d   0x00000003   PAD
    0x20000078   0x08006040   0x00000028   Data   RW          524    .data               freertos.o
    0x200000a0   0x08006068   0x00000004   Data   RW          833    .data               stm32f4xx_it.o
    0x200000a4   0x0800606c   0x0000000c   Data   RW         2160    .data               stm32f4xx_hal.o
    0x200000b0   0x08006078   0x00000004   Data   RW         3883    .data               system_stm32f4xx.o
    0x200000b4   0x0800607c   0x0000003c   Data   RW         4430    .data               tasks.o
    0x200000f0   0x080060b8   0x00000018   Data   RW         5063    .data               heap_4.o
    0x20000108   0x080060d0   0x0000000c   Data   RW         5126    .data               port.o
    0x20000114   0x080060dc   0x00000004   Data   RW         5489    .data               mc_w.l(stdout.o)
    0x20000118        -       0x000000fc   Zero   RW           29    .bss                user.o
    0x20000214        -       0x00000020   Zero   RW           30    .bss                user.o
    0x20000234        -       0x0000000c   Zero   RW          357    .bss                stick.o
    0x20000240        -       0x00000014   Zero   RW          394    .bss                flash.o
    0x20000254        -       0x00000254   Zero   RW          521    .bss                freertos.o
    0x200004a8        -       0x00000048   Zero   RW          606    .bss                adc.o
    0x200004f0        -       0x00000028   Zero   RW          656    .bss                can.o
    0x20000518        -       0x00000080   Zero   RW          714    .bss                tim.o
    0x20000598        -       0x0000000c   Zero   RW          763    .bss                usart.o
    0x200005a4        -       0x0000000c   Zero   RW          764    .bss                usart.o
    0x200005b0        -       0x00000080   Zero   RW          765    .bss                usart.o
    0x20000630        -       0x00000040   Zero   RW          948    .bss                stm32f4xx_hal_timebase_tim.o
    0x20000670        -       0x00000020   Zero   RW         1432    .bss                stm32f4xx_hal_flash.o
    0x20000690        -       0x000000f0   Zero   RW         4429    .bss                tasks.o
    0x20000780        -       0x00003c00   Zero   RW         5062    .bss                heap_4.o
    0x20004380        -       0x00000400   Zero   RW            1    STACK               startup_stm32f407xx.o


==============================================================================

Image component sizes


      Code (inc. data)   RO Data    RW Data    ZI Data      Debug   Object Name

       260         38          0          0         72       2188   adc.o
       548         48          0          0         40       3773   can.o
       120          0          0          0          0      23001   cmsis_os.o
        28          0          0          0          0      21308   event_groups.o
       476        136          0          0         20       3379   flash.o
       472         38        304         40        596      10414   freertos.o
       228         16          0          0          0       1031   gpio.o
       460         24          0         24      15360       7219   heap_4.o
       138          0          0          0          0       3458   list.o
       382        124          0          0          0       7084   main.o
       126         14          0          0          0       2796   math_user.o
       702         72          0         12          0      10924   port.o
       714          8          0          0          0      10955   queue.o
        36          8        392          0       1024        820   startup_stm32f407xx.o
       316        122          0          0         12       1595   stick.o
       116         18          0         12          0       8618   stm32f4xx_hal.o
      1358         60          0          0          0       6871   stm32f4xx_hal_adc.o
         2          0          0          0          0        953   stm32f4xx_hal_adc_ex.o
      1682          6          0          0          0      14717   stm32f4xx_hal_can.o
       158         14          0          0          0      33082   stm32f4xx_hal_cortex.o
        36          0          0          0          0       1183   stm32f4xx_hal_dma.o
       520         66          0          0         32       6434   stm32f4xx_hal_flash.o
       356         24          0          0          0       3930   stm32f4xx_hal_flash_ex.o
       460         46          0          0          0       3003   stm32f4xx_hal_gpio.o
        48          6          0          0          0        826   stm32f4xx_hal_msp.o
      1396         86          0          0          0       5789   stm32f4xx_hal_rcc.o
      1016         44          0          0          0      10416   stm32f4xx_hal_tim.o
       148         28          0          0          0       2401   stm32f4xx_hal_tim_ex.o
       116         16          0          0         64       1379   stm32f4xx_hal_timebase_tim.o
      1254         16          0          0          0       9327   stm32f4xx_hal_uart.o
       508         76          0          4          0       6613   stm32f4xx_it.o
         0          0          0          0          0        384   stream_buffer.o
        28          6         24          4          0       1115   system_stm32f4xx.o
      2216        170          0         60        240      26345   tasks.o
       276         34          0          0        128       2243   tim.o
       340         42          0          0        152       3117   usart.o
      2644        428        280        117        284     769625   user.o

    ----------------------------------------------------------------------
     19724       1834       1032        276      18024    1028316   Object Totals
         0          0         32          0          0          0   (incl. Generated)
        40          0          0          3          0          0   (incl. Padding)

    ----------------------------------------------------------------------

      Code (inc. data)   RO Data    RW Data    ZI Data      Debug   Library Member Name

         0          0          0          0          0          0   entry.o
         0          0          0          0          0          0   entry10a.o
         0          0          0          0          0          0   entry11a.o
         8          4          0          0          0          0   entry2.o
         4          0          0          0          0          0   entry5.o
         0          0          0          0          0          0   entry7b.o
         0          0          0          0          0          0   entry8b.o
         8          4          0          0          0          0   entry9a.o
        30          0          0          0          0          0   handlers.o
        36          8          0          0          0         68   init.o
         0          0          0          0          0          0   iusefp.o
        30          0          0          0          0         68   llshl.o
        36          0          0          0          0         68   llsshr.o
        32          0          0          0          0         68   llushr.o
        36          0          0          0          0         68   memcpya.o
        36          0          0          0          0        108   memseta.o
      2258         90          0          0          0        452   printfa.o
         0          0          0          4          0          0   stdout.o
        44          0          0          0          0         80   uidiv.o
        98          0          0          0          0         92   uldiv.o
        48          0          0          0          0         68   cdrcmple.o
       334          0          0          0          0        148   dadd.o
       222          0          0          0          0        100   ddiv.o
       186          0          0          0          0        176   depilogue.o
        48          0          0          0          0         68   dfixul.o
       228          0          0          0          0         96   dmul.o
        38          0          0          0          0         68   f2d.o

    ----------------------------------------------------------------------
      3764        106          0          4          0       1796   Library Totals
         4          0          0          0          0          0   (incl. Padding)

    ----------------------------------------------------------------------

      Code (inc. data)   RO Data    RW Data    ZI Data      Debug   Library Name

      2656        106          0          4          0       1072   mc_w.l
      1104          0          0          0          0        724   mf_w.l

    ----------------------------------------------------------------------
      3764        106          0          4          0       1796   Library Totals

    ----------------------------------------------------------------------

==============================================================================


      Code (inc. data)   RO Data    RW Data    ZI Data      Debug   

     23488       1940       1032        280      18024    1009532   Grand Totals
     23488       1940       1032        280      18024    1009532   ELF Image Totals
     23488       1940       1032        280          0          0   ROM Totals

==============================================================================

    Total RO  Size (Code + RO Data)                24520 (  23.95kB)
    Total RW  Size (RW Data + ZI Data)             18304 (  17.88kB)
    Total ROM Size (Code + RO Data + RW Data)      24800 (  24.22kB)

==============================================================================

